<?xml version="1.0" encoding="ISO-8859-1" ?>
<link_info>
   <banner>TI ARM Linker PC v20.2.7.LTS</banner>
   <copyright>Copyright (c) 1996-2018 Texas Instruments Incorporated</copyright>
   <link_time>0x6478bd2d</link_time>
   <link_errors>0x0</link_errors>
   <output_file>gpiointerrupt_CC3220S_LAUNCHXL_nortos_ccs.out</output_file>
   <entry_point>
      <name>resetISR</name>
      <address>0x2000ec65</address>
   </entry_point>
   <input_file_list>
      <input_file id="fl-2">
         <path>.\</path>
         <kind>object</kind>
         <file>gpiointerrupt.obj</file>
         <name>gpiointerrupt.obj</name>
      </input_file>
      <input_file id="fl-3">
         <path>.\syscfg\</path>
         <kind>object</kind>
         <file>ti_drivers_config.obj</file>
         <name>ti_drivers_config.obj</name>
      </input_file>
      <input_file id="fl-4">
         <path>.\</path>
         <kind>object</kind>
         <file>main_nortos.obj</file>
         <name>main_nortos.obj</name>
      </input_file>
      <input_file id="fl-d">
         <kind>object</kind>
         <file>&lt;internal&gt;</file>
         <name>&lt;internal&gt;</name>
      </input_file>
      <input_file id="fl-e">
         <path>C:\ti\simplelink_cc32xx_sdk_4_30_00_06\source\ti\drivers\lib\ccs\m4\</path>
         <kind>archive</kind>
         <file>drivers_cc32xx.a</file>
         <name>Timer.oem4</name>
      </input_file>
      <input_file id="fl-f">
         <path>C:\ti\simplelink_cc32xx_sdk_4_30_00_06\source\ti\drivers\lib\ccs\m4\</path>
         <kind>archive</kind>
         <file>drivers_cc32xx.a</file>
         <name>GPIOCC32XX.oem4</name>
      </input_file>
      <input_file id="fl-10">
         <path>C:\ti\simplelink_cc32xx_sdk_4_30_00_06\source\ti\drivers\lib\ccs\m4\</path>
         <kind>archive</kind>
         <file>drivers_cc32xx.a</file>
         <name>PowerCC32XX.oem4</name>
      </input_file>
      <input_file id="fl-11">
         <path>C:\ti\simplelink_cc32xx_sdk_4_30_00_06\source\ti\drivers\lib\ccs\m4\</path>
         <kind>archive</kind>
         <file>drivers_cc32xx.a</file>
         <name>PowerCC32XX_asm.oem4</name>
      </input_file>
      <input_file id="fl-12">
         <path>C:\ti\simplelink_cc32xx_sdk_4_30_00_06\source\ti\drivers\lib\ccs\m4\</path>
         <kind>archive</kind>
         <file>drivers_cc32xx.a</file>
         <name>TimerCC32XX.oem4</name>
      </input_file>
      <input_file id="fl-13">
         <path>C:\ti\simplelink_cc32xx_sdk_4_30_00_06\source\ti\drivers\lib\ccs\m4\</path>
         <kind>archive</kind>
         <file>drivers_cc32xx.a</file>
         <name>List.oem4</name>
      </input_file>
      <input_file id="fl-14">
         <path>C:\ti\simplelink_cc32xx_sdk_4_30_00_06\kernel\nortos\lib\ccs\m4\</path>
         <kind>archive</kind>
         <file>nortos_cc32xx.a</file>
         <name>posix_sleep.oem4</name>
      </input_file>
      <input_file id="fl-15">
         <path>C:\ti\simplelink_cc32xx_sdk_4_30_00_06\kernel\nortos\lib\ccs\m4\</path>
         <kind>archive</kind>
         <file>nortos_cc32xx.a</file>
         <name>NoRTOS.oem4</name>
      </input_file>
      <input_file id="fl-16">
         <path>C:\ti\simplelink_cc32xx_sdk_4_30_00_06\kernel\nortos\lib\ccs\m4\</path>
         <kind>archive</kind>
         <file>nortos_cc32xx.a</file>
         <name>SemaphoreP_nortos.oem4</name>
      </input_file>
      <input_file id="fl-17">
         <path>C:\ti\simplelink_cc32xx_sdk_4_30_00_06\kernel\nortos\lib\ccs\m4\</path>
         <kind>archive</kind>
         <file>nortos_cc32xx.a</file>
         <name>ClockPSysTick_nortos.oem4</name>
      </input_file>
      <input_file id="fl-18">
         <path>C:\ti\simplelink_cc32xx_sdk_4_30_00_06\kernel\nortos\lib\ccs\m4\</path>
         <kind>archive</kind>
         <file>nortos_cc32xx.a</file>
         <name>HwiPCC32XX_nortos.oem4</name>
      </input_file>
      <input_file id="fl-19">
         <path>C:\ti\simplelink_cc32xx_sdk_4_30_00_06\kernel\nortos\lib\ccs\m4\</path>
         <kind>archive</kind>
         <file>nortos_cc32xx.a</file>
         <name>PowerCC32XX_nortos.oem4</name>
      </input_file>
      <input_file id="fl-1a">
         <path>C:\ti\simplelink_cc32xx_sdk_4_30_00_06\kernel\nortos\lib\ccs\m4\</path>
         <kind>archive</kind>
         <file>nortos_cc32xx.a</file>
         <name>startup_cc32xx_ccs.oem4</name>
      </input_file>
      <input_file id="fl-1b">
         <path>C:\ti\simplelink_cc32xx_sdk_4_30_00_06\kernel\nortos\lib\ccs\m4\</path>
         <kind>archive</kind>
         <file>nortos_cc32xx.a</file>
         <name>SwiP_nortos.oem4</name>
      </input_file>
      <input_file id="fl-1c">
         <path>C:\ti\simplelink_cc32xx_sdk_4_30_00_06\kernel\nortos\lib\ccs\m4\</path>
         <kind>archive</kind>
         <file>nortos_cc32xx.a</file>
         <name>QueueP_nortos.oem4</name>
      </input_file>
      <input_file id="fl-1d">
         <path>C:\ti\simplelink_cc32xx_sdk_4_30_00_06\source\ti\devices\cc32xx\driverlib\ccs\Release\</path>
         <kind>archive</kind>
         <file>driverlib.a</file>
         <name>cpu.obj</name>
      </input_file>
      <input_file id="fl-1e">
         <path>C:\ti\simplelink_cc32xx_sdk_4_30_00_06\source\ti\devices\cc32xx\driverlib\ccs\Release\</path>
         <kind>archive</kind>
         <file>driverlib.a</file>
         <name>interrupt.obj</name>
      </input_file>
      <input_file id="fl-1f">
         <path>C:\ti\simplelink_cc32xx_sdk_4_30_00_06\source\ti\devices\cc32xx\driverlib\ccs\Release\</path>
         <kind>archive</kind>
         <file>driverlib.a</file>
         <name>pin.obj</name>
      </input_file>
      <input_file id="fl-20">
         <path>C:\ti\simplelink_cc32xx_sdk_4_30_00_06\source\ti\devices\cc32xx\driverlib\ccs\Release\</path>
         <kind>archive</kind>
         <file>driverlib.a</file>
         <name>prcm.obj</name>
      </input_file>
      <input_file id="fl-21">
         <path>C:\ti\simplelink_cc32xx_sdk_4_30_00_06\source\ti\devices\cc32xx\driverlib\ccs\Release\</path>
         <kind>archive</kind>
         <file>driverlib.a</file>
         <name>timer.obj</name>
      </input_file>
      <input_file id="fl-22">
         <path>C:\ti\simplelink_cc32xx_sdk_4_30_00_06\source\ti\devices\cc32xx\driverlib\ccs\Release\</path>
         <kind>archive</kind>
         <file>driverlib.a</file>
         <name>utils.obj</name>
      </input_file>
      <input_file id="fl-23">
         <path>C:\ti\simplelink_cc32xx_sdk_4_30_00_06\source\ti\devices\cc32xx\driverlib\ccs\Release\</path>
         <kind>archive</kind>
         <file>driverlib.a</file>
         <name>flash.obj</name>
      </input_file>
      <input_file id="fl-d9">
         <path>C:\ti\ccs1220\ccs\tools\compiler\ti-cgt-arm_20.2.7.LTS\lib\</path>
         <kind>archive</kind>
         <file>rtsv7M4_T_le_eabi.lib</file>
         <name>ll_mul_t2.asm.obj</name>
      </input_file>
      <input_file id="fl-da">
         <path>C:\ti\ccs1220\ccs\tools\compiler\ti-cgt-arm_20.2.7.LTS\lib\</path>
         <kind>archive</kind>
         <file>rtsv7M4_T_le_eabi.lib</file>
         <name>memcpy_t2.asm.obj</name>
      </input_file>
      <input_file id="fl-db">
         <path>C:\ti\ccs1220\ccs\tools\compiler\ti-cgt-arm_20.2.7.LTS\lib\</path>
         <kind>archive</kind>
         <file>rtsv7M4_T_le_eabi.lib</file>
         <name>ull_div_t2.asm.obj</name>
      </input_file>
      <input_file id="fl-dc">
         <path>C:\ti\ccs1220\ccs\tools\compiler\ti-cgt-arm_20.2.7.LTS\lib\</path>
         <kind>archive</kind>
         <file>rtsv7M4_T_le_eabi.lib</file>
         <name>copy_zero_init.c.obj</name>
      </input_file>
      <input_file id="fl-dd">
         <path>C:\ti\ccs1220\ccs\tools\compiler\ti-cgt-arm_20.2.7.LTS\lib\</path>
         <kind>archive</kind>
         <file>rtsv7M4_T_le_eabi.lib</file>
         <name>copy_decompress_none.c.obj</name>
      </input_file>
      <input_file id="fl-de">
         <path>C:\ti\ccs1220\ccs\tools\compiler\ti-cgt-arm_20.2.7.LTS\lib\</path>
         <kind>archive</kind>
         <file>rtsv7M4_T_le_eabi.lib</file>
         <name>copy_decompress_lzss.c.obj</name>
      </input_file>
      <input_file id="fl-df">
         <path>C:\ti\ccs1220\ccs\tools\compiler\ti-cgt-arm_20.2.7.LTS\lib\</path>
         <kind>archive</kind>
         <file>rtsv7M4_T_le_eabi.lib</file>
         <name>memory.c.obj</name>
      </input_file>
      <input_file id="fl-e0">
         <path>C:\ti\ccs1220\ccs\tools\compiler\ti-cgt-arm_20.2.7.LTS\lib\</path>
         <kind>archive</kind>
         <file>rtsv7M4_T_le_eabi.lib</file>
         <name>boot_cortex_m.c.obj</name>
      </input_file>
      <input_file id="fl-e1">
         <path>C:\ti\ccs1220\ccs\tools\compiler\ti-cgt-arm_20.2.7.LTS\lib\</path>
         <kind>archive</kind>
         <file>rtsv7M4_T_le_eabi.lib</file>
         <name>div0.asm.obj</name>
      </input_file>
      <input_file id="fl-e2">
         <path>C:\ti\ccs1220\ccs\tools\compiler\ti-cgt-arm_20.2.7.LTS\lib\</path>
         <kind>archive</kind>
         <file>rtsv7M4_T_le_eabi.lib</file>
         <name>memset_t2.asm.obj</name>
      </input_file>
      <input_file id="fl-e3">
         <path>C:\ti\ccs1220\ccs\tools\compiler\ti-cgt-arm_20.2.7.LTS\lib\</path>
         <kind>archive</kind>
         <file>rtsv7M4_T_le_eabi.lib</file>
         <name>autoinit.c.obj</name>
      </input_file>
      <input_file id="fl-e4">
         <path>C:\ti\ccs1220\ccs\tools\compiler\ti-cgt-arm_20.2.7.LTS\lib\</path>
         <kind>archive</kind>
         <file>rtsv7M4_T_le_eabi.lib</file>
         <name>pre_init.c.obj</name>
      </input_file>
      <input_file id="fl-e5">
         <path>C:\ti\ccs1220\ccs\tools\compiler\ti-cgt-arm_20.2.7.LTS\lib\</path>
         <kind>archive</kind>
         <file>rtsv7M4_T_le_eabi.lib</file>
         <name>cpy_tbl.c.obj</name>
      </input_file>
      <input_file id="fl-e6">
         <path>C:\ti\ccs1220\ccs\tools\compiler\ti-cgt-arm_20.2.7.LTS\lib\</path>
         <kind>archive</kind>
         <file>rtsv7M4_T_le_eabi.lib</file>
         <name>exit.c.obj</name>
      </input_file>
      <input_file id="fl-e7">
         <path>C:\ti\ccs1220\ccs\tools\compiler\ti-cgt-arm_20.2.7.LTS\lib\</path>
         <kind>archive</kind>
         <file>rtsv7M4_T_le_eabi.lib</file>
         <name>_lock.c.obj</name>
      </input_file>
      <input_file id="fl-e8">
         <path>C:\ti\ccs1220\ccs\tools\compiler\ti-cgt-arm_20.2.7.LTS\lib\</path>
         <kind>archive</kind>
         <file>rtsv7M4_T_le_eabi.lib</file>
         <name>args_main.c.obj</name>
      </input_file>
   </input_file_list>
   <object_component_list>
      <object_component id="oc-1ba">
         <name>.text:PRCMCC3200MCUInit</name>
         <load_address>0x2000c040</load_address>
         <run_address>0x2000c040</run_address>
         <size>0x42c</size>
         <input_file_ref idref="fl-20"/>
      </object_component>
      <object_component id="oc-307">
         <name>.text:timerCallback</name>
         <load_address>0x2000c46c</load_address>
         <run_address>0x2000c46c</run_address>
         <size>0x2c4</size>
         <input_file_ref idref="fl-2"/>
      </object_component>
      <object_component id="oc-1d4">
         <name>.text:GPIO_setConfig</name>
         <load_address>0x2000c730</load_address>
         <run_address>0x2000c730</run_address>
         <size>0x1e4</size>
         <input_file_ref idref="fl-f"/>
      </object_component>
      <object_component id="oc-350">
         <name>.text:PowerCC32XX_sleepPolicy</name>
         <load_address>0x2000c914</load_address>
         <run_address>0x2000c914</run_address>
         <size>0x19c</size>
         <input_file_ref idref="fl-19"/>
      </object_component>
      <object_component id="oc-514">
         <name>.text:parkPins</name>
         <load_address>0x2000cab0</load_address>
         <run_address>0x2000cab0</run_address>
         <size>0x148</size>
         <input_file_ref idref="fl-10"/>
      </object_component>
      <object_component id="oc-460">
         <name>.text:Power_sleep</name>
         <load_address>0x2000cbf8</load_address>
         <run_address>0x2000cbf8</run_address>
         <size>0x138</size>
         <input_file_ref idref="fl-10"/>
      </object_component>
      <object_component id="oc-585">
         <name>.text:TimerCC32XX_open</name>
         <load_address>0x2000cd30</load_address>
         <run_address>0x2000cd30</run_address>
         <size>0x128</size>
         <input_file_ref idref="fl-12"/>
      </object_component>
      <object_component id="oc-4bf">
         <name>.text:aligned_alloc</name>
         <load_address>0x2000ce58</load_address>
         <run_address>0x2000ce58</run_address>
         <size>0x100</size>
         <input_file_ref idref="fl-df"/>
      </object_component>
      <object_component id="oc-36c">
         <name>.text:free</name>
         <load_address>0x2000cf58</load_address>
         <run_address>0x2000cf58</run_address>
         <size>0xe4</size>
         <input_file_ref idref="fl-df"/>
      </object_component>
      <object_component id="oc-1ce">
         <name>.text:GPIO_init</name>
         <load_address>0x2000d03c</load_address>
         <run_address>0x2000d03c</run_address>
         <size>0xc4</size>
         <input_file_ref idref="fl-f"/>
      </object_component>
      <object_component id="oc-531">
         <name>.text:restoreParkedPins</name>
         <load_address>0x2000d100</load_address>
         <run_address>0x2000d100</run_address>
         <size>0xc0</size>
         <input_file_ref idref="fl-10"/>
      </object_component>
      <object_component id="oc-b5">
         <name>.text:IntEnable</name>
         <load_address>0x2000d1c0</load_address>
         <run_address>0x2000d1c0</run_address>
         <size>0xa8</size>
         <input_file_ref idref="fl-1e"/>
      </object_component>
      <object_component id="oc-269">
         <name>.text:PowerCC32XX_configureWakeup</name>
         <load_address>0x2000d268</load_address>
         <run_address>0x2000d268</run_address>
         <size>0xa8</size>
         <input_file_ref idref="fl-10"/>
      </object_component>
      <object_component id="oc-28f">
         <name>.text:SemaphoreP_pend</name>
         <load_address>0x2000d310</load_address>
         <run_address>0x2000d310</run_address>
         <size>0xa0</size>
         <input_file_ref idref="fl-16"/>
      </object_component>
      <object_component id="oc-3b">
         <name>.text</name>
         <load_address>0x2000d3b0</load_address>
         <run_address>0x2000d3b0</run_address>
         <size>0x9c</size>
         <input_file_ref idref="fl-da"/>
      </object_component>
      <object_component id="oc-2ab">
         <name>.text:powerNotifyFxn</name>
         <load_address>0x2000d44c</load_address>
         <run_address>0x2000d44c</run_address>
         <size>0x98</size>
         <input_file_ref idref="fl-f"/>
      </object_component>
      <object_component id="oc-45b">
         <name>.text</name>
         <load_address>0x2000d4e4</load_address>
         <run_address>0x2000d4e4</run_address>
         <size>0x96</size>
         <input_file_ref idref="fl-db"/>
      </object_component>
      <object_component id="oc-1c6">
         <name>.text:Board_initHook</name>
         <load_address>0x2000d57a</load_address>
         <run_address>0x2000d57a</run_address>
         <size>0x2</size>
         <input_file_ref idref="fl-3"/>
      </object_component>
      <object_component id="oc-525">
         <name>.text:restoreNVICRegs</name>
         <load_address>0x2000d57c</load_address>
         <run_address>0x2000d57c</run_address>
         <size>0x90</size>
         <input_file_ref idref="fl-10"/>
      </object_component>
      <object_component id="oc-3cd">
         <name>.text:HwiP_construct</name>
         <load_address>0x2000d60c</load_address>
         <run_address>0x2000d60c</run_address>
         <size>0x8c</size>
         <input_file_ref idref="fl-18"/>
      </object_component>
      <object_component id="oc-5f5">
         <name>.text:IntPendSet</name>
         <load_address>0x2000d698</load_address>
         <run_address>0x2000d698</run_address>
         <size>0x88</size>
         <input_file_ref idref="fl-1e"/>
      </object_component>
      <object_component id="oc-2b5">
         <name>.text:PinConfigSet</name>
         <load_address>0x2000d720</load_address>
         <run_address>0x2000d720</run_address>
         <size>0x88</size>
         <input_file_ref idref="fl-1f"/>
      </object_component>
      <object_component id="oc-58b">
         <name>.text:TimerCC32XX_setPeriod</name>
         <load_address>0x2000d7a8</load_address>
         <run_address>0x2000d7a8</run_address>
         <size>0x88</size>
         <input_file_ref idref="fl-12"/>
      </object_component>
      <object_component id="oc-1c0">
         <name>.text:Power_init</name>
         <load_address>0x2000d830</load_address>
         <run_address>0x2000d830</run_address>
         <size>0x84</size>
         <input_file_ref idref="fl-10"/>
      </object_component>
      <object_component id="oc-51a">
         <name>.text:saveNVICRegs</name>
         <load_address>0x2000d8b4</load_address>
         <run_address>0x2000d8b4</run_address>
         <size>0x84</size>
         <input_file_ref idref="fl-10"/>
      </object_component>
      <object_component id="oc-2bb">
         <name>.text:Power_setDependency</name>
         <load_address>0x2000d938</load_address>
         <run_address>0x2000d938</run_address>
         <size>0x80</size>
         <input_file_ref idref="fl-10"/>
      </object_component>
      <object_component id="oc-2df">
         <name>.text:GPIO_hwiIntFxn</name>
         <load_address>0x2000d9b8</load_address>
         <run_address>0x2000d9b8</run_address>
         <size>0x78</size>
         <input_file_ref idref="fl-f"/>
      </object_component>
      <object_component id="oc-591">
         <name>.text:TimerCC32XX_start</name>
         <load_address>0x2000da30</load_address>
         <run_address>0x2000da30</run_address>
         <size>0x78</size>
         <input_file_ref idref="fl-12"/>
      </object_component>
      <object_component id="oc-561">
         <name>.text:split</name>
         <load_address>0x2000daa8</load_address>
         <run_address>0x2000daa8</run_address>
         <size>0x70</size>
         <input_file_ref idref="fl-df"/>
      </object_component>
      <object_component id="oc-14">
         <name>.text:decompress:lzss:__TI_decompress_lzss</name>
         <load_address>0x2000db18</load_address>
         <run_address>0x2000db18</run_address>
         <size>0x68</size>
         <input_file_ref idref="fl-de"/>
      </object_component>
      <object_component id="oc-3bb">
         <name>.text:PowerCC32XX_setParkState</name>
         <load_address>0x2000db80</load_address>
         <run_address>0x2000db80</run_address>
         <size>0x64</size>
         <input_file_ref idref="fl-10"/>
      </object_component>
      <object_component id="oc-237">
         <name>.text:PRCMSysResetCauseGet</name>
         <load_address>0x2000dbe4</load_address>
         <run_address>0x2000dbe4</run_address>
         <size>0x60</size>
         <input_file_ref idref="fl-20"/>
      </object_component>
      <object_component id="oc-4e9">
         <name>.text:getTimeUsec</name>
         <load_address>0x2000dc44</load_address>
         <run_address>0x2000dc44</run_address>
         <size>0x60</size>
         <input_file_ref idref="fl-17"/>
      </object_component>
      <object_component id="oc-1da">
         <name>.text:GPIO_setCallback</name>
         <load_address>0x2000dca4</load_address>
         <run_address>0x2000dca4</run_address>
         <size>0x5c</size>
         <input_file_ref idref="fl-f"/>
      </object_component>
      <object_component id="oc-5a1">
         <name>.text:sysTickInit</name>
         <load_address>0x2000dd00</load_address>
         <run_address>0x2000dd00</run_address>
         <size>0x5c</size>
         <input_file_ref idref="fl-17"/>
      </object_component>
      <object_component id="oc-3fc">
         <name>.text:GPIO_write</name>
         <load_address>0x2000dd5c</load_address>
         <run_address>0x2000dd5c</run_address>
         <size>0x58</size>
         <input_file_ref idref="fl-f"/>
      </object_component>
      <object_component id="oc-250">
         <name>.text:PRCMPeripheralReset</name>
         <load_address>0x2000ddb4</load_address>
         <run_address>0x2000ddb4</run_address>
         <size>0x58</size>
         <input_file_ref idref="fl-20"/>
      </object_component>
      <object_component id="oc-699">
         <name>.text:Power_releaseDependency</name>
         <load_address>0x2000de0c</load_address>
         <run_address>0x2000de0c</run_address>
         <size>0x58</size>
         <input_file_ref idref="fl-10"/>
      </object_component>
      <object_component id="oc-597">
         <name>.text:TimerCC32XX_stop</name>
         <load_address>0x2000de64</load_address>
         <run_address>0x2000de64</run_address>
         <size>0x56</size>
         <input_file_ref idref="fl-12"/>
      </object_component>
      <object_component id="oc-34a">
         <name>.text:PowerCC32XX_initPolicy</name>
         <load_address>0x2000deba</load_address>
         <run_address>0x2000deba</run_address>
         <size>0x2</size>
         <input_file_ref idref="fl-19"/>
      </object_component>
      <object_component id="oc-1e6">
         <name>.text:initTimer</name>
         <load_address>0x2000debc</load_address>
         <run_address>0x2000debc</run_address>
         <size>0x54</size>
         <input_file_ref idref="fl-2"/>
      </object_component>
      <object_component id="oc-5d2">
         <name>.text:PowerCC32XX_resumeLPDS</name>
         <load_address>0x2000df10</load_address>
         <run_address>0x2000df10</run_address>
         <size>0x52</size>
         <input_file_ref idref="fl-11"/>
      </object_component>
      <object_component id="oc-62f">
         <name>.text:initHw</name>
         <load_address>0x2000df62</load_address>
         <run_address>0x2000df62</run_address>
         <size>0x52</size>
         <input_file_ref idref="fl-12"/>
      </object_component>
      <object_component id="oc-79">
         <name>.text:ClockP_sysTickHandler</name>
         <load_address>0x2000dfb4</load_address>
         <run_address>0x2000dfb4</run_address>
         <size>0x50</size>
         <input_file_ref idref="fl-17"/>
      </object_component>
      <object_component id="oc-481">
         <name>.text:SemaphoreP_construct</name>
         <load_address>0x2000e004</load_address>
         <run_address>0x2000e004</run_address>
         <size>0x50</size>
         <input_file_ref idref="fl-16"/>
      </object_component>
      <object_component id="oc-623">
         <name>.text:TimerCC32XX_allocateTimerResource</name>
         <load_address>0x2000e054</load_address>
         <run_address>0x2000e054</run_address>
         <size>0x50</size>
         <input_file_ref idref="fl-12"/>
      </object_component>
      <object_component id="oc-1e0">
         <name>.text:GPIO_enableInt</name>
         <load_address>0x2000e0a4</load_address>
         <run_address>0x2000e0a4</run_address>
         <size>0x4c</size>
         <input_file_ref idref="fl-f"/>
      </object_component>
      <object_component id="oc-5c9">
         <name>.text:PowerCC32XX_parkPin</name>
         <load_address>0x2000e0f0</load_address>
         <run_address>0x2000e0f0</run_address>
         <size>0x4c</size>
         <input_file_ref idref="fl-10"/>
      </object_component>
      <object_component id="oc-52b">
         <name>.text:restorePeriphClocks</name>
         <load_address>0x2000e13c</load_address>
         <run_address>0x2000e13c</run_address>
         <size>0x4c</size>
         <input_file_ref idref="fl-10"/>
      </object_component>
      <object_component id="oc-402">
         <name>.text:ClockP_usleep</name>
         <load_address>0x2000e188</load_address>
         <run_address>0x2000e188</run_address>
         <size>0x48</size>
         <input_file_ref idref="fl-17"/>
      </object_component>
      <object_component id="oc-5ed">
         <name>.text:FlashDisable</name>
         <load_address>0x2000e1d0</load_address>
         <run_address>0x2000e1d0</run_address>
         <size>0x48</size>
         <input_file_ref idref="fl-23"/>
      </object_component>
      <object_component id="oc-537">
         <name>.text:PRCMLPDSEnter</name>
         <load_address>0x2000e218</load_address>
         <run_address>0x2000e218</run_address>
         <size>0x48</size>
         <input_file_ref idref="fl-20"/>
      </object_component>
      <object_component id="oc-24a">
         <name>.text:PRCMPeripheralClkEnable</name>
         <load_address>0x2000e260</load_address>
         <run_address>0x2000e260</run_address>
         <size>0x48</size>
         <input_file_ref idref="fl-20"/>
      </object_component>
      <object_component id="oc-66e">
         <name>.text:Power_releaseConstraint</name>
         <load_address>0x2000e2a8</load_address>
         <run_address>0x2000e2a8</run_address>
         <size>0x48</size>
         <input_file_ref idref="fl-10"/>
      </object_component>
      <object_component id="oc-629">
         <name>.text:getPrescaler</name>
         <load_address>0x2000e2f0</load_address>
         <run_address>0x2000e2f0</run_address>
         <size>0x46</size>
         <input_file_ref idref="fl-12"/>
      </object_component>
      <object_component id="oc-5ac">
         <name>.text:SemaphoreP_destruct</name>
         <load_address>0x2000e336</load_address>
         <run_address>0x2000e336</run_address>
         <size>0x2</size>
         <input_file_ref idref="fl-16"/>
      </object_component>
      <object_component id="oc-4a9">
         <name>.text:ClockP_stop</name>
         <load_address>0x2000e338</load_address>
         <run_address>0x2000e338</run_address>
         <size>0x44</size>
         <input_file_ref idref="fl-17"/>
      </object_component>
      <object_component id="oc-5d7">
         <name>.text:PRCMLPDSRestoreInfoSet</name>
         <load_address>0x2000e37c</load_address>
         <run_address>0x2000e37c</run_address>
         <size>0x44</size>
         <input_file_ref idref="fl-20"/>
      </object_component>
      <object_component id="oc-520">
         <name>.text:PowerCC32XX_enterLPDS</name>
         <load_address>0x2000e3c0</load_address>
         <run_address>0x2000e3c0</run_address>
         <size>0x44</size>
         <input_file_ref idref="fl-11"/>
      </object_component>
      <object_component id="oc-29b">
         <name>.text:SemaphoreP_post</name>
         <load_address>0x2000e404</load_address>
         <run_address>0x2000e404</run_address>
         <size>0x44</size>
         <input_file_ref idref="fl-16"/>
      </object_component>
      <object_component id="oc-471">
         <name>.text:SwiP_restore</name>
         <load_address>0x2000e448</load_address>
         <run_address>0x2000e448</run_address>
         <size>0x44</size>
         <input_file_ref idref="fl-1b"/>
      </object_component>
      <object_component id="oc-2ef">
         <name>.text:Timer_init</name>
         <load_address>0x2000e48c</load_address>
         <run_address>0x2000e48c</run_address>
         <size>0x44</size>
         <input_file_ref idref="fl-e"/>
      </object_component>
      <object_component id="oc-171">
         <name>.text:__TI_auto_init_nobinit_nopinit:__TI_auto_init_nobinit_nopinit</name>
         <load_address>0x2000e4d0</load_address>
         <run_address>0x2000e4d0</run_address>
         <size>0x44</size>
         <input_file_ref idref="fl-e3"/>
      </object_component>
      <object_component id="oc-262">
         <name>.text:PinModeSet</name>
         <load_address>0x2000e514</load_address>
         <run_address>0x2000e514</run_address>
         <size>0x40</size>
         <input_file_ref idref="fl-1f"/>
      </object_component>
      <object_component id="oc-2fb">
         <name>.text:Timer_open</name>
         <load_address>0x2000e554</load_address>
         <run_address>0x2000e554</run_address>
         <size>0x40</size>
         <input_file_ref idref="fl-e"/>
      </object_component>
      <object_component id="oc-38b">
         <name>.text:ClockP_destruct</name>
         <load_address>0x2000e594</load_address>
         <run_address>0x2000e594</run_address>
         <size>0x3c</size>
         <input_file_ref idref="fl-17"/>
      </object_component>
      <object_component id="oc-655">
         <name>.text:Power_setConstraint</name>
         <load_address>0x2000e5d0</load_address>
         <run_address>0x2000e5d0</run_address>
         <size>0x3c</size>
         <input_file_ref idref="fl-10"/>
      </object_component>
      <object_component id="oc-1ec">
         <name>.text:buttonInterruptHandler</name>
         <load_address>0x2000e60c</load_address>
         <run_address>0x2000e60c</run_address>
         <size>0x3c</size>
         <input_file_ref idref="fl-2"/>
      </object_component>
      <object_component id="oc-15e">
         <name>.text:mainThread</name>
         <load_address>0x2000e648</load_address>
         <run_address>0x2000e648</run_address>
         <size>0x3c</size>
         <input_file_ref idref="fl-2"/>
      </object_component>
      <object_component id="oc-56d">
         <name>.text:TimerCC32XX_close</name>
         <load_address>0x2000e684</load_address>
         <run_address>0x2000e684</run_address>
         <size>0x3a</size>
         <input_file_ref idref="fl-12"/>
      </object_component>
      <object_component id="oc-455">
         <name>.text:getCountsRTC</name>
         <load_address>0x2000e6be</load_address>
         <run_address>0x2000e6be</run_address>
         <size>0x3a</size>
         <input_file_ref idref="fl-19"/>
      </object_component>
      <object_component id="oc-53d">
         <name>.text:PRCMLPDSEnterKeepDebugIf</name>
         <load_address>0x2000e6f8</load_address>
         <run_address>0x2000e6f8</run_address>
         <size>0x38</size>
         <input_file_ref idref="fl-20"/>
      </object_component>
      <object_component id="oc-63b">
         <name>.text:TimerCC32XX_hwiIntFunction</name>
         <load_address>0x2000e730</load_address>
         <run_address>0x2000e730</run_address>
         <size>0x38</size>
         <input_file_ref idref="fl-12"/>
      </object_component>
      <object_component id="oc-db">
         <name>.text:addToList</name>
         <load_address>0x2000e768</load_address>
         <run_address>0x2000e768</run_address>
         <size>0x38</size>
         <input_file_ref idref="fl-17"/>
      </object_component>
      <object_component id="oc-59">
         <name>.text:initVectors</name>
         <load_address>0x2000e7a0</load_address>
         <run_address>0x2000e7a0</run_address>
         <size>0x38</size>
         <input_file_ref idref="fl-1a"/>
      </object_component>
      <object_component id="oc-50e">
         <name>.text:notify</name>
         <load_address>0x2000e7d8</load_address>
         <run_address>0x2000e7d8</run_address>
         <size>0x38</size>
         <input_file_ref idref="fl-10"/>
      </object_component>
      <object_component id="oc-6a5">
         <name>.text:TimerControlStall</name>
         <load_address>0x2000e810</load_address>
         <run_address>0x2000e810</run_address>
         <size>0x36</size>
         <input_file_ref idref="fl-21"/>
      </object_component>
      <object_component id="oc-57f">
         <name>.text:TimerCC32XX_init</name>
         <load_address>0x2000e846</load_address>
         <run_address>0x2000e846</run_address>
         <size>0x2</size>
         <input_file_ref idref="fl-12"/>
      </object_component>
      <object_component id="oc-443">
         <name>.text:ClockP_getTicksUntilInterrupt</name>
         <load_address>0x2000e848</load_address>
         <run_address>0x2000e848</run_address>
         <size>0x34</size>
         <input_file_ref idref="fl-17"/>
      </object_component>
      <object_component id="oc-4e3">
         <name>.text:ClockP_startup</name>
         <load_address>0x2000e87c</load_address>
         <run_address>0x2000e87c</run_address>
         <size>0x34</size>
         <input_file_ref idref="fl-17"/>
      </object_component>
      <object_component id="oc-25c">
         <name>.text:PinModeGet</name>
         <load_address>0x2000e8b0</load_address>
         <run_address>0x2000e8b0</run_address>
         <size>0x34</size>
         <input_file_ref idref="fl-1f"/>
      </object_component>
      <object_component id="oc-619">
         <name>.text:TimerCC32XX_freeTimerResource</name>
         <load_address>0x2000e8e4</load_address>
         <run_address>0x2000e8e4</run_address>
         <size>0x34</size>
         <input_file_ref idref="fl-12"/>
      </object_component>
      <object_component id="oc-693">
         <name>.text:getPowerMgrId</name>
         <load_address>0x2000e918</load_address>
         <run_address>0x2000e918</run_address>
         <size>0x34</size>
         <input_file_ref idref="fl-12"/>
      </object_component>
      <object_component id="oc-379">
         <name>.text:ClockP_start</name>
         <load_address>0x2000e94c</load_address>
         <run_address>0x2000e94c</run_address>
         <size>0x30</size>
         <input_file_ref idref="fl-17"/>
      </object_component>
      <object_component id="oc-5e6">
         <name>.text:PowerCC32XX_restoreParkedPin</name>
         <load_address>0x2000e97c</load_address>
         <run_address>0x2000e97c</run_address>
         <size>0x30</size>
         <input_file_ref idref="fl-10"/>
      </object_component>
      <object_component id="oc-2c7">
         <name>.text:HwiP_create</name>
         <load_address>0x2000e9ac</load_address>
         <run_address>0x2000e9ac</run_address>
         <size>0x2a</size>
         <input_file_ref idref="fl-18"/>
      </object_component>
      <object_component id="oc-648">
         <name>.text:TimerLoadSet</name>
         <load_address>0x2000e9d6</load_address>
         <run_address>0x2000e9d6</run_address>
         <size>0x2a</size>
         <input_file_ref idref="fl-21"/>
      </object_component>
      <object_component id="oc-642">
         <name>.text:TimerPrescaleSet</name>
         <load_address>0x2000ea00</load_address>
         <run_address>0x2000ea00</run_address>
         <size>0x2a</size>
         <input_file_ref idref="fl-21"/>
      </object_component>
      <object_component id="oc-317">
         <name>.text:_nop</name>
         <load_address>0x2000ea2a</load_address>
         <run_address>0x2000ea2a</run_address>
         <size>0x2</size>
         <input_file_ref idref="fl-e7"/>
      </object_component>
      <object_component id="oc-256">
         <name>.text:PRCMPeripheralClkDisable</name>
         <load_address>0x2000ea2c</load_address>
         <run_address>0x2000ea2c</run_address>
         <size>0x28</size>
         <input_file_ref idref="fl-20"/>
      </object_component>
      <object_component id="oc-295">
         <name>.text:Power_registerNotify</name>
         <load_address>0x2000ea54</load_address>
         <run_address>0x2000ea54</run_address>
         <size>0x28</size>
         <input_file_ref idref="fl-10"/>
      </object_component>
      <object_component id="oc-4a1">
         <name>.text:free_list_insert</name>
         <load_address>0x2000ea7c</load_address>
         <run_address>0x2000ea7c</run_address>
         <size>0x28</size>
         <input_file_ref idref="fl-df"/>
      </object_component>
      <object_component id="oc-39b">
         <name>.text:List_put</name>
         <load_address>0x2000eaa4</load_address>
         <run_address>0x2000eaa4</run_address>
         <size>0x26</size>
         <input_file_ref idref="fl-13"/>
      </object_component>
      <object_component id="oc-684">
         <name>.text:List_remove</name>
         <load_address>0x2000eaca</load_address>
         <run_address>0x2000eaca</run_address>
         <size>0x26</size>
         <input_file_ref idref="fl-13"/>
      </object_component>
      <object_component id="oc-4c9">
         <name>.text:HwiP_dispatch</name>
         <load_address>0x2000eaf0</load_address>
         <run_address>0x2000eaf0</run_address>
         <size>0x24</size>
         <input_file_ref idref="fl-18"/>
      </object_component>
      <object_component id="oc-c5">
         <name>.text:_c_int00_noargs:_c_int00_noargs</name>
         <load_address>0x2000eb14</load_address>
         <run_address>0x2000eb14</run_address>
         <size>0x24</size>
         <input_file_ref idref="fl-e0"/>
      </object_component>
      <object_component id="oc-4ef">
         <name>.text:sleepTicks</name>
         <load_address>0x2000eb38</load_address>
         <run_address>0x2000eb38</run_address>
         <size>0x24</size>
         <input_file_ref idref="fl-17"/>
      </object_component>
      <object_component id="oc-68c">
         <name>.text:HwiP_destruct</name>
         <load_address>0x2000eb5c</load_address>
         <run_address>0x2000eb5c</run_address>
         <size>0x20</size>
         <input_file_ref idref="fl-18"/>
      </object_component>
      <object_component id="oc-607">
         <name>.text:Power_unregisterNotify</name>
         <load_address>0x2000eb7c</load_address>
         <run_address>0x2000eb7c</run_address>
         <size>0x20</size>
         <input_file_ref idref="fl-10"/>
      </object_component>
      <object_component id="oc-662">
         <name>.text:TimerDisable</name>
         <load_address>0x2000eb9c</load_address>
         <run_address>0x2000eb9c</run_address>
         <size>0x1e</size>
         <input_file_ref idref="fl-21"/>
      </object_component>
      <object_component id="oc-65b">
         <name>.text:TimerEnable</name>
         <load_address>0x2000ebba</load_address>
         <run_address>0x2000ebba</run_address>
         <size>0x1e</size>
         <input_file_ref idref="fl-21"/>
      </object_component>
      <object_component id="oc-5c3">
         <name>.text:PinToPadGet</name>
         <load_address>0x2000ebd8</load_address>
         <run_address>0x2000ebd8</run_address>
         <size>0x1c</size>
         <input_file_ref idref="fl-1f"/>
      </object_component>
      <object_component id="oc-437">
         <name>.text:SwiP_disable</name>
         <load_address>0x2000ebf4</load_address>
         <run_address>0x2000ebf4</run_address>
         <size>0x1c</size>
         <input_file_ref idref="fl-1b"/>
      </object_component>
      <object_component id="oc-47">
         <name>.text:decompress:ZI:__TI_zero_init_nomemset:__TI_zero_init_nomemset</name>
         <load_address>0x2000ec10</load_address>
         <run_address>0x2000ec10</run_address>
         <size>0x1c</size>
         <input_file_ref idref="fl-dc"/>
      </object_component>
      <object_component id="oc-49b">
         <name>.text:free_list_remove</name>
         <load_address>0x2000ec2c</load_address>
         <run_address>0x2000ec2c</run_address>
         <size>0x1c</size>
         <input_file_ref idref="fl-df"/>
      </object_component>
      <object_component id="oc-277">
         <name>.text:SemaphoreP_createBinary</name>
         <load_address>0x2000ec48</load_address>
         <run_address>0x2000ec48</run_address>
         <size>0x1a</size>
         <input_file_ref idref="fl-16"/>
      </object_component>
      <object_component id="oc-73">
         <name>.text:busFaultHandler</name>
         <load_address>0x2000ec62</load_address>
         <run_address>0x2000ec62</run_address>
         <size>0x2</size>
         <input_file_ref idref="fl-1a"/>
      </object_component>
      <object_component id="oc-21">
         <name>.text:resetISR</name>
         <load_address>0x2000ec64</load_address>
         <run_address>0x2000ec64</run_address>
         <size>0x1a</size>
         <input_file_ref idref="fl-1a"/>
      </object_component>
      <object_component id="oc-391">
         <name>.text:clkFxn</name>
         <load_address>0x2000ec7e</load_address>
         <run_address>0x2000ec7e</run_address>
         <size>0x2</size>
         <input_file_ref idref="fl-16"/>
      </object_component>
      <object_component id="oc-449">
         <name>.text:Power_getTransitionLatency</name>
         <load_address>0x2000ec80</load_address>
         <run_address>0x2000ec80</run_address>
         <size>0x18</size>
         <input_file_ref idref="fl-10"/>
      </object_component>
      <object_component id="oc-550">
         <name>.text:Power_idleFunc</name>
         <load_address>0x2000ec98</load_address>
         <run_address>0x2000ec98</run_address>
         <size>0x18</size>
         <input_file_ref idref="fl-10"/>
      </object_component>
      <object_component id="oc-579">
         <name>.text:TimerCC32XX_getCount</name>
         <load_address>0x2000ecb0</load_address>
         <run_address>0x2000ecb0</run_address>
         <size>0x18</size>
         <input_file_ref idref="fl-12"/>
      </object_component>
      <object_component id="oc-668">
         <name>.text:TimerIntDisable</name>
         <load_address>0x2000ecc8</load_address>
         <run_address>0x2000ecc8</run_address>
         <size>0x18</size>
         <input_file_ref idref="fl-21"/>
      </object_component>
      <object_component id="oc-64f">
         <name>.text:TimerIntEnable</name>
         <load_address>0x2000ece0</load_address>
         <run_address>0x2000ece0</run_address>
         <size>0x18</size>
         <input_file_ref idref="fl-21"/>
      </object_component>
      <object_component id="oc-466">
         <name>.text</name>
         <load_address>0x2000ecf8</load_address>
         <run_address>0x2000ecf8</run_address>
         <size>0x18</size>
         <input_file_ref idref="fl-d9"/>
      </object_component>
      <object_component id="oc-244">
         <name>.text:PRCMHIBRegRead</name>
         <load_address>0x2000ed10</load_address>
         <run_address>0x2000ed10</run_address>
         <size>0x16</size>
         <input_file_ref idref="fl-20"/>
      </object_component>
      <object_component id="oc-23e">
         <name>.text:PRCMHIBRegWrite</name>
         <load_address>0x2000ed26</load_address>
         <run_address>0x2000ed26</run_address>
         <size>0x16</size>
         <input_file_ref idref="fl-20"/>
      </object_component>
      <object_component id="oc-361">
         <name>.text:SemaphoreP_create</name>
         <load_address>0x2000ed3c</load_address>
         <run_address>0x2000ed3c</run_address>
         <size>0x16</size>
         <input_file_ref idref="fl-16"/>
      </object_component>
      <object_component id="oc-a3">
         <name>.text:CPUcpsid</name>
         <load_address>0x2000ed52</load_address>
         <run_address>0x2000ed52</run_address>
         <size>0x14</size>
         <input_file_ref idref="fl-1d"/>
      </object_component>
      <object_component id="oc-6d">
         <name>.text:defaultHandler</name>
         <load_address>0x2000ed66</load_address>
         <run_address>0x2000ed66</run_address>
         <size>0x2</size>
         <input_file_ref idref="fl-1a"/>
      </object_component>
      <object_component id="oc-3a2">
         <name>.text:HwiP_inISR</name>
         <load_address>0x2000ed68</load_address>
         <run_address>0x2000ed68</run_address>
         <size>0x14</size>
         <input_file_ref idref="fl-18"/>
      </object_component>
      <object_component id="oc-af">
         <name>.text:IntVTableBaseSet</name>
         <load_address>0x2000ed7c</load_address>
         <run_address>0x2000ed7c</run_address>
         <size>0x14</size>
         <input_file_ref idref="fl-1e"/>
      </object_component>
      <object_component id="oc-3a8">
         <name>.text:Power_disablePolicy</name>
         <load_address>0x2000ed90</load_address>
         <run_address>0x2000ed90</run_address>
         <size>0x14</size>
         <input_file_ref idref="fl-10"/>
      </object_component>
      <object_component id="oc-5df">
         <name>.text:Power_getDependencyCount</name>
         <load_address>0x2000eda4</load_address>
         <run_address>0x2000eda4</run_address>
         <size>0x14</size>
         <input_file_ref idref="fl-10"/>
      </object_component>
      <object_component id="oc-2c1">
         <name>.text:HwiP_Params_init</name>
         <load_address>0x2000edb8</load_address>
         <run_address>0x2000edb8</run_address>
         <size>0x12</size>
         <input_file_ref idref="fl-18"/>
      </object_component>
      <object_component id="oc-6ad">
         <name>.text:TimerIntClear</name>
         <load_address>0x2000edca</load_address>
         <run_address>0x2000edca</run_address>
         <size>0x12</size>
         <input_file_ref idref="fl-21"/>
      </object_component>
      <object_component id="oc-11a">
         <name>.text:main</name>
         <load_address>0x2000eddc</load_address>
         <run_address>0x2000eddc</run_address>
         <size>0x12</size>
         <input_file_ref idref="fl-4"/>
      </object_component>
      <object_component id="oc-152">
         <name>.text:Board_init</name>
         <load_address>0x2000edee</load_address>
         <run_address>0x2000edee</run_address>
         <size>0x10</size>
         <input_file_ref idref="fl-3"/>
      </object_component>
      <object_component id="oc-373">
         <name>.text:ClockP_add</name>
         <load_address>0x2000edfe</load_address>
         <run_address>0x2000edfe</run_address>
         <size>0x10</size>
         <input_file_ref idref="fl-17"/>
      </object_component>
      <object_component id="oc-67">
         <name>.text:faultISR</name>
         <load_address>0x2000ee0e</load_address>
         <run_address>0x2000ee0e</run_address>
         <size>0x2</size>
         <input_file_ref idref="fl-1a"/>
      </object_component>
      <object_component id="oc-431">
         <name>.text:ClockP_getCpuFreq</name>
         <load_address>0x2000ee10</load_address>
         <run_address>0x2000ee10</run_address>
         <size>0x10</size>
         <input_file_ref idref="fl-17"/>
      </object_component>
      <object_component id="oc-44f">
         <name>.text:ClockP_getSystemTicks</name>
         <load_address>0x2000ee20</load_address>
         <run_address>0x2000ee20</run_address>
         <size>0x10</size>
         <input_file_ref idref="fl-17"/>
      </object_component>
      <object_component id="oc-46b">
         <name>.text:ClockP_setTicks</name>
         <load_address>0x2000ee30</load_address>
         <run_address>0x2000ee30</run_address>
         <size>0x10</size>
         <input_file_ref idref="fl-17"/>
      </object_component>
      <object_component id="oc-613">
         <name>.text:HwiP_delete</name>
         <load_address>0x2000ee40</load_address>
         <run_address>0x2000ee40</run_address>
         <size>0x10</size>
         <input_file_ref idref="fl-18"/>
      </object_component>
      <object_component id="oc-283">
         <name>.text:HwiP_restore</name>
         <load_address>0x2000ee50</load_address>
         <run_address>0x2000ee50</run_address>
         <size>0x10</size>
         <input_file_ref idref="fl-18"/>
      </object_component>
      <object_component id="oc-37f">
         <name>.text:Power_enablePolicy</name>
         <load_address>0x2000ee60</load_address>
         <run_address>0x2000ee60</run_address>
         <size>0x10</size>
         <input_file_ref idref="fl-10"/>
      </object_component>
      <object_component id="oc-35b">
         <name>.text:SemaphoreP_Params_init</name>
         <load_address>0x2000ee70</load_address>
         <run_address>0x2000ee70</run_address>
         <size>0x10</size>
         <input_file_ref idref="fl-16"/>
      </object_component>
      <object_component id="oc-2f5">
         <name>.text:Timer_Params_init</name>
         <load_address>0x2000ee80</load_address>
         <run_address>0x2000ee80</run_address>
         <size>0x10</size>
         <input_file_ref idref="fl-e"/>
      </object_component>
      <object_component id="oc-60d">
         <name>.text:HwiP_clearInterrupt</name>
         <load_address>0x2000ee90</load_address>
         <run_address>0x2000ee90</run_address>
         <size>0xe</size>
         <input_file_ref idref="fl-18"/>
      </object_component>
      <object_component id="oc-27d">
         <name>.text:HwiP_disable</name>
         <load_address>0x2000ee9e</load_address>
         <run_address>0x2000ee9e</run_address>
         <size>0xe</size>
         <input_file_ref idref="fl-18"/>
      </object_component>
      <object_component id="oc-158">
         <name>.text:HwiP_enable</name>
         <load_address>0x2000eeac</load_address>
         <run_address>0x2000eeac</run_address>
         <size>0xe</size>
         <input_file_ref idref="fl-18"/>
      </object_component>
      <object_component id="oc-1a">
         <name>.text:decompress:none:__TI_decompress_none</name>
         <load_address>0x2000eeba</load_address>
         <run_address>0x2000eeba</run_address>
         <size>0xe</size>
         <input_file_ref idref="fl-dd"/>
      </object_component>
      <object_component id="oc-43d">
         <name>.text:Power_getConstraintMask</name>
         <load_address>0x2000eec8</load_address>
         <run_address>0x2000eec8</run_address>
         <size>0xc</size>
         <input_file_ref idref="fl-10"/>
      </object_component>
      <object_component id="oc-635">
         <name>.text:postNotifyFxn</name>
         <load_address>0x2000eed4</load_address>
         <run_address>0x2000eed4</run_address>
         <size>0xc</size>
         <input_file_ref idref="fl-12"/>
      </object_component>
      <object_component id="oc-385">
         <name>.text:ClockP_isActive</name>
         <load_address>0x2000eee0</load_address>
         <run_address>0x2000eee0</run_address>
         <size>0xa</size>
         <input_file_ref idref="fl-17"/>
      </object_component>
      <object_component id="oc-53">
         <name>.text:IntMasterDisable</name>
         <load_address>0x2000eeea</load_address>
         <run_address>0x2000eeea</run_address>
         <size>0xa</size>
         <input_file_ref idref="fl-1e"/>
      </object_component>
      <object_component id="oc-301">
         <name>.text:Timer_start</name>
         <load_address>0x2000eef4</load_address>
         <run_address>0x2000eef4</run_address>
         <size>0xa</size>
         <input_file_ref idref="fl-e"/>
      </object_component>
      <object_component id="oc-3c7">
         <name>.text:malloc</name>
         <load_address>0x2000eefe</load_address>
         <run_address>0x2000eefe</run_address>
         <size>0x8</size>
         <input_file_ref idref="fl-df"/>
      </object_component>
      <object_component id="oc-573">
         <name>.text:TimerCC32XX_control</name>
         <load_address>0x2000ef06</load_address>
         <run_address>0x2000ef06</run_address>
         <size>0x6</size>
         <input_file_ref idref="fl-12"/>
      </object_component>
      <object_component id="oc-23d">
         <name>.text:UtilsDelay</name>
         <load_address>0x2000ef0c</load_address>
         <run_address>0x2000ef0c</run_address>
         <size>0x6</size>
         <input_file_ref idref="fl-22"/>
      </object_component>
      <object_component id="oc-546">
         <name>.text:HwiP_post</name>
         <load_address>0x2000ef12</load_address>
         <run_address>0x2000ef12</run_address>
         <size>0x4</size>
         <input_file_ref idref="fl-18"/>
      </object_component>
      <object_component id="oc-289">
         <name>.text:SemaphoreP_delete</name>
         <load_address>0x2000ef16</load_address>
         <run_address>0x2000ef16</run_address>
         <size>0x4</size>
         <input_file_ref idref="fl-16"/>
      </object_component>
      <object_component id="oc-114">
         <name>.text:_system_pre_init</name>
         <load_address>0x2000ef1a</load_address>
         <run_address>0x2000ef1a</run_address>
         <size>0x4</size>
         <input_file_ref idref="fl-e4"/>
      </object_component>
      <object_component id="oc-165">
         <name>.text:abort:abort</name>
         <load_address>0x2000ef1e</load_address>
         <run_address>0x2000ef1e</run_address>
         <size>0x4</size>
         <input_file_ref idref="fl-e6"/>
      </object_component>
      <object_component id="oc-61">
         <name>.text:nmiISR</name>
         <load_address>0x2000ef22</load_address>
         <run_address>0x2000ef22</run_address>
         <size>0x2</size>
         <input_file_ref idref="fl-1a"/>
      </object_component>
      <object_component id="oc-508">
         <name>.text</name>
         <load_address>0x2000ef24</load_address>
         <run_address>0x2000ef24</run_address>
         <size>0x2</size>
         <input_file_ref idref="fl-e1"/>
      </object_component>
      <object_component id="oc-340">
         <name>.const:g_ulPinToPadMap</name>
         <load_address>0x2000f518</load_address>
         <run_address>0x2000f518</run_address>
         <size>0x100</size>
         <input_file_ref idref="fl-1f"/>
      </object_component>
      <object_component id="oc-339">
         <name>.const:PRCM_PeriphRegsList</name>
         <load_address>0x2000f618</load_address>
         <run_address>0x2000f618</run_address>
         <size>0xa8</size>
         <input_file_ref idref="fl-20"/>
      </object_component>
      <object_component id="oc-272">
         <name>.const:PowerCC32XX_config</name>
         <load_address>0x2000f6c0</load_address>
         <run_address>0x2000f6c0</run_address>
         <size>0x44</size>
         <input_file_ref idref="fl-3"/>
      </object_component>
      <object_component id="oc-2cd">
         <name>.const:.string:pinTable</name>
         <load_address>0x2000f704</load_address>
         <run_address>0x2000f704</run_address>
         <size>0x21</size>
         <input_file_ref idref="fl-f"/>
      </object_component>
      <object_component id="oc-4d7">
         <name>.const:TimerCC32XX_fxnTable</name>
         <load_address>0x2000f728</load_address>
         <run_address>0x2000f728</run_address>
         <size>0x20</size>
         <input_file_ref idref="fl-12"/>
      </object_component>
      <object_component id="oc-10e">
         <name>.const:g_pulEnRegs</name>
         <load_address>0x2000f748</load_address>
         <run_address>0x2000f748</run_address>
         <size>0x18</size>
         <input_file_ref idref="fl-1e"/>
      </object_component>
      <object_component id="oc-680">
         <name>.const:g_pulPendRegs</name>
         <load_address>0x2000f760</load_address>
         <run_address>0x2000f760</run_address>
         <size>0x18</size>
         <input_file_ref idref="fl-1e"/>
      </object_component>
      <object_component id="oc-2a5">
         <name>.const:GPIOCC32XX_config</name>
         <load_address>0x2000f778</load_address>
         <run_address>0x2000f778</run_address>
         <size>0x14</size>
         <input_file_ref idref="fl-3"/>
      </object_component>
      <object_component id="oc-2e8">
         <name>.const:gpioBaseAddresses</name>
         <load_address>0x2000f78c</load_address>
         <run_address>0x2000f78c</run_address>
         <size>0x14</size>
         <input_file_ref idref="fl-f"/>
      </object_component>
      <object_component id="oc-2d0">
         <name>.const:powerResources</name>
         <load_address>0x2000f7a0</load_address>
         <run_address>0x2000f7a0</run_address>
         <size>0x14</size>
         <input_file_ref idref="fl-f"/>
      </object_component>
      <object_component id="oc-40b">
         <name>.const:.string</name>
         <load_address>0x2000f7b4</load_address>
         <run_address>0x2000f7b4</run_address>
         <size>0x12</size>
         <input_file_ref idref="fl-2"/>
      </object_component>
      <object_component id="oc-4db">
         <name>.const:timerCC32XXHWAttrs</name>
         <load_address>0x2000f7c8</load_address>
         <run_address>0x2000f7c8</run_address>
         <size>0x10</size>
         <input_file_ref idref="fl-3"/>
      </object_component>
      <object_component id="oc-3f2">
         <name>.const:Timer_config</name>
         <load_address>0x2000f7d8</load_address>
         <run_address>0x2000f7d8</run_address>
         <size>0xc</size>
         <input_file_ref idref="fl-3"/>
      </object_component>
      <object_component id="oc-3f6">
         <name>.const:defaultParams</name>
         <load_address>0x2000f7e4</load_address>
         <run_address>0x2000f7e4</run_address>
         <size>0xc</size>
         <input_file_ref idref="fl-e"/>
      </object_component>
      <object_component id="oc-2d6">
         <name>.const:outPinTypes</name>
         <load_address>0x2000f7f0</load_address>
         <run_address>0x2000f7f0</run_address>
         <size>0x8</size>
         <input_file_ref idref="fl-f"/>
      </object_component>
      <object_component id="oc-2e5">
         <name>.const:.string:interruptType</name>
         <load_address>0x2000f7f8</load_address>
         <run_address>0x2000f7f8</run_address>
         <size>0x6</size>
         <input_file_ref idref="fl-f"/>
      </object_component>
      <object_component id="oc-2d9">
         <name>.const:inPinTypes</name>
         <load_address>0x2000f7fe</load_address>
         <run_address>0x2000f7fe</run_address>
         <size>0x6</size>
         <input_file_ref idref="fl-f"/>
      </object_component>
      <object_component id="oc-2d3">
         <name>.const:outPinStrengths</name>
         <load_address>0x2000f804</load_address>
         <run_address>0x2000f804</run_address>
         <size>0x6</size>
         <input_file_ref idref="fl-f"/>
      </object_component>
      <object_component id="oc-3ef">
         <name>.const</name>
         <load_address>0x2000f80a</load_address>
         <run_address>0x2000f80a</run_address>
         <size>0x6</size>
         <input_file_ref idref="fl-3"/>
      </object_component>
      <object_component id="oc-2dc">
         <name>.const:.string:portInterruptIds</name>
         <load_address>0x2000f810</load_address>
         <run_address>0x2000f810</run_address>
         <size>0x4</size>
         <input_file_ref idref="fl-f"/>
      </object_component>
      <object_component id="oc-6f8">
         <name>.cinit..data.load</name>
         <load_address>0x2000f9e0</load_address>
         <run_address>0x2000f9e0</run_address>
         <size>0xe0</size>
      </object_component>
      <object_component id="oc-6f6">
         <name>__TI_handler_table</name>
         <load_address>0x2000fac0</load_address>
         <run_address>0x2000fac0</run_address>
         <size>0xc</size>
      </object_component>
      <object_component id="oc-6f9">
         <name>.cinit..bss.load</name>
         <load_address>0x2000fad0</load_address>
         <run_address>0x2000fad0</run_address>
         <size>0x8</size>
      </object_component>
      <object_component id="oc-6f7">
         <name>__TI_cinit_table</name>
         <load_address>0x2000fad8</load_address>
         <run_address>0x2000fad8</run_address>
         <size>0x10</size>
      </object_component>
      <object_component id="oc-311">
         <name>.data</name>
         <load_address>0x2000f498</load_address>
         <run_address>0x2000f498</run_address>
         <size>0x29</size>
         <input_file_ref idref="fl-2"/>
      </object_component>
      <object_component id="oc-3b1">
         <name>.data:gpioPinConfigs</name>
         <load_address>0x2000f4d4</load_address>
         <run_address>0x2000f4d4</run_address>
         <size>0x10</size>
         <input_file_ref idref="fl-3"/>
      </object_component>
      <object_component id="oc-3b4">
         <name>.data:gpioCallbackFunctions</name>
         <load_address>0x2000f4c4</load_address>
         <run_address>0x2000f4c4</run_address>
         <size>0x10</size>
         <input_file_ref idref="fl-3"/>
      </object_component>
      <object_component id="oc-356">
         <name>.data:parkInfo</name>
         <load_address>0x2000f3a0</load_address>
         <run_address>0x2000f3a0</run_address>
         <size>0xf8</size>
         <input_file_ref idref="fl-3"/>
      </object_component>
      <object_component id="oc-3ec">
         <name>.data</name>
         <load_address>0x2000f4ed</load_address>
         <run_address>0x2000f4ed</run_address>
         <size>0x1</size>
         <input_file_ref idref="fl-e"/>
      </object_component>
      <object_component id="oc-2a2">
         <name>.data</name>
         <load_address>0x2000f4e4</load_address>
         <run_address>0x2000f4e4</run_address>
         <size>0x9</size>
         <input_file_ref idref="fl-f"/>
      </object_component>
      <object_component id="oc-26f">
         <name>.data:PowerCC32XX_module</name>
         <load_address>0x2000f234</load_address>
         <run_address>0x2000f234</run_address>
         <size>0x16c</size>
         <input_file_ref idref="fl-10"/>
      </object_component>
      <object_component id="oc-397">
         <name>.data</name>
         <load_address>0x2000f4c1</load_address>
         <run_address>0x2000f4c1</run_address>
         <size>0x3</size>
         <input_file_ref idref="fl-16"/>
      </object_component>
      <object_component id="oc-47d">
         <name>.data:SemaphoreP_defaultParams</name>
         <load_address>0x2000f500</load_address>
         <run_address>0x2000f500</run_address>
         <size>0x8</size>
         <input_file_ref idref="fl-16"/>
      </object_component>
      <object_component id="oc-477">
         <name>.data</name>
         <load_address>0x2000f510</load_address>
         <run_address>0x2000f510</run_address>
         <size>0x5</size>
         <input_file_ref idref="fl-17"/>
      </object_component>
      <object_component id="oc-4c6">
         <name>.data:HwiP_dispatchTable</name>
         <load_address>0x2000ef28</load_address>
         <run_address>0x2000ef28</run_address>
         <size>0x30c</size>
         <input_file_ref idref="fl-18"/>
      </object_component>
      <object_component id="oc-4cf">
         <name>.data</name>
         <load_address>0x2000f508</load_address>
         <run_address>0x2000f508</run_address>
         <size>0x8</size>
         <input_file_ref idref="fl-18"/>
      </object_component>
      <object_component id="oc-559">
         <name>.data:$O1$$</name>
         <load_address>0x2000f4f8</load_address>
         <run_address>0x2000f4f8</run_address>
         <size>0x8</size>
         <input_file_ref idref="fl-df"/>
      </object_component>
      <object_component id="oc-1f7">
         <name>.data:$O1$$</name>
         <load_address>0x2000f4f0</load_address>
         <run_address>0x2000f4f0</run_address>
         <size>0x8</size>
         <input_file_ref idref="fl-e7"/>
      </object_component>
      <object_component id="oc-30d">
         <name>.bss</name>
         <uninitialized>true</uninitialized>
         <run_address>0x2000f9d0</run_address>
         <size>0x4</size>
         <input_file_ref idref="fl-2"/>
      </object_component>
      <object_component id="oc-2b1">
         <name>.bss:gpioCallbackInfo</name>
         <uninitialized>true</uninitialized>
         <run_address>0x2000f978</run_address>
         <size>0x20</size>
         <input_file_ref idref="fl-f"/>
      </object_component>
      <object_component id="oc-2a8">
         <name>.bss:powerNotifyObj</name>
         <uninitialized>true</uninitialized>
         <run_address>0x2000f998</run_address>
         <size>0x14</size>
         <input_file_ref idref="fl-f"/>
      </object_component>
      <object_component id="oc-2a1">
         <name>.bss</name>
         <uninitialized>true</uninitialized>
         <run_address>0x2000f9ac</run_address>
         <size>0x4</size>
         <input_file_ref idref="fl-f"/>
      </object_component>
      <object_component id="oc-69f">
         <name>.bss:timerState</name>
         <uninitialized>true</uninitialized>
         <run_address>0x2000f9d8</run_address>
         <size>0x4</size>
         <input_file_ref idref="fl-12"/>
      </object_component>
      <object_component id="oc-5a7">
         <name>.bss</name>
         <uninitialized>true</uninitialized>
         <run_address>0x2000f9d4</run_address>
         <size>0x4</size>
         <input_file_ref idref="fl-17"/>
      </object_component>
      <object_component id="oc-4f9">
         <name>.bss</name>
         <uninitialized>true</uninitialized>
         <run_address>0x2000f9c0</run_address>
         <size>0xd</size>
         <input_file_ref idref="fl-1b"/>
      </object_component>
      <object_component id="oc-4da">
         <name>.common:timerCC32XXObjects</name>
         <uninitialized>true</uninitialized>
         <run_address>0x2000f944</run_address>
         <size>0x34</size>
      </object_component>
      <object_component id="oc-5d0">
         <name>.common:PowerCC32XX_contextSave</name>
         <uninitialized>true</uninitialized>
         <run_address>0x2000f818</run_address>
         <size>0x12c</size>
      </object_component>
      <object_component id="oc-e1">
         <name>.common:ClockP_ctrl</name>
         <uninitialized>true</uninitialized>
         <run_address>0x2000f9b0</run_address>
         <size>0x10</size>
      </object_component>
      <object_component id="oc-2a">
         <name>.sysmem</name>
         <uninitialized>true</uninitialized>
         <run_address>0x20004040</run_address>
         <size>0x10</size>
         <input_file_ref idref="fl-df"/>
      </object_component>
      <object_component id="oc-6fc">
         <name>.sysmem</name>
         <uninitialized>true</uninitialized>
         <run_address>0x20004040</run_address>
         <size>0x0</size>
      </object_component>
      <object_component id="oc-2d">
         <name>.stack</name>
         <uninitialized>true</uninitialized>
         <run_address>0x20003000</run_address>
         <size>0x4</size>
         <input_file_ref idref="fl-e0"/>
      </object_component>
      <object_component id="oc-6fb">
         <name>.stack</name>
         <uninitialized>true</uninitialized>
         <run_address>0x20003000</run_address>
         <size>0x0</size>
      </object_component>
      <object_component id="oc-27">
         <name>.resetVecs:retain</name>
         <load_address>0x20004000</load_address>
         <run_address>0x20004000</run_address>
         <size>0x40</size>
         <input_file_ref idref="fl-1a"/>
      </object_component>
      <object_component id="oc-bb">
         <name>.ramVecs</name>
         <uninitialized>true</uninitialized>
         <run_address>0x20000000</run_address>
         <size>0x30c</size>
         <input_file_ref idref="fl-1a"/>
      </object_component>
      <object_component id="oc-14d">
         <name>.debug_info</name>
         <load_address>0x0</load_address>
         <run_address>0x0</run_address>
         <size>0x3f6</size>
         <input_file_ref idref="fl-2"/>
      </object_component>
      <object_component id="oc-30e">
         <name>.debug_info</name>
         <load_address>0x3f6</load_address>
         <run_address>0x3f6</run_address>
         <size>0xf6</size>
         <input_file_ref idref="fl-2"/>
      </object_component>
      <object_component id="oc-312">
         <name>.debug_info</name>
         <load_address>0x4ec</load_address>
         <run_address>0x4ec</run_address>
         <size>0x124</size>
         <input_file_ref idref="fl-2"/>
      </object_component>
      <object_component id="oc-309">
         <name>.debug_info</name>
         <load_address>0x610</load_address>
         <run_address>0x610</run_address>
         <size>0x58e</size>
         <input_file_ref idref="fl-2"/>
      </object_component>
      <object_component id="oc-1ed">
         <name>.debug_info</name>
         <load_address>0xb9e</load_address>
         <run_address>0xb9e</run_address>
         <size>0x17c</size>
         <input_file_ref idref="fl-2"/>
      </object_component>
      <object_component id="oc-1e7">
         <name>.debug_info</name>
         <load_address>0xd1a</load_address>
         <run_address>0xd1a</run_address>
         <size>0x19d</size>
         <input_file_ref idref="fl-2"/>
      </object_component>
      <object_component id="oc-160">
         <name>.debug_info</name>
         <load_address>0xeb7</load_address>
         <run_address>0xeb7</run_address>
         <size>0x1e9</size>
         <input_file_ref idref="fl-2"/>
      </object_component>
      <object_component id="oc-1a9">
         <name>.debug_info</name>
         <load_address>0x10a0</load_address>
         <run_address>0x10a0</run_address>
         <size>0x2a9</size>
         <input_file_ref idref="fl-2"/>
      </object_component>
      <object_component id="oc-e7">
         <name>.debug_info</name>
         <load_address>0x1349</load_address>
         <run_address>0x1349</run_address>
         <size>0x26b</size>
         <input_file_ref idref="fl-2"/>
      </object_component>
      <object_component id="oc-108">
         <name>.debug_info</name>
         <load_address>0x15b4</load_address>
         <run_address>0x15b4</run_address>
         <size>0x8b</size>
         <input_file_ref idref="fl-2"/>
      </object_component>
      <object_component id="oc-1b3">
         <name>.debug_info</name>
         <load_address>0x163f</load_address>
         <run_address>0x163f</run_address>
         <size>0x3b</size>
         <input_file_ref idref="fl-2"/>
      </object_component>
      <object_component id="oc-148">
         <name>.debug_info</name>
         <load_address>0x167a</load_address>
         <run_address>0x167a</run_address>
         <size>0x2a4</size>
         <input_file_ref idref="fl-2"/>
      </object_component>
      <object_component id="oc-1ae">
         <name>.debug_info</name>
         <load_address>0x191e</load_address>
         <run_address>0x191e</run_address>
         <size>0xef</size>
         <input_file_ref idref="fl-2"/>
      </object_component>
      <object_component id="oc-12f">
         <name>.debug_info</name>
         <load_address>0x1a0d</load_address>
         <run_address>0x1a0d</run_address>
         <size>0xbb</size>
         <input_file_ref idref="fl-2"/>
      </object_component>
      <object_component id="oc-5fe">
         <name>.debug_info</name>
         <load_address>0x1ac8</load_address>
         <run_address>0x1ac8</run_address>
         <size>0x53</size>
         <input_file_ref idref="fl-2"/>
      </object_component>
      <object_component id="oc-1a3">
         <name>.debug_info</name>
         <load_address>0x1b1b</load_address>
         <run_address>0x1b1b</run_address>
         <size>0x4b8</size>
         <input_file_ref idref="fl-3"/>
      </object_component>
      <object_component id="oc-3b2">
         <name>.debug_info</name>
         <load_address>0x1fd3</load_address>
         <run_address>0x1fd3</run_address>
         <size>0x111</size>
         <input_file_ref idref="fl-3"/>
      </object_component>
      <object_component id="oc-3b5">
         <name>.debug_info</name>
         <load_address>0x20e4</load_address>
         <run_address>0x20e4</run_address>
         <size>0x11f</size>
         <input_file_ref idref="fl-3"/>
      </object_component>
      <object_component id="oc-3f0">
         <name>.debug_info</name>
         <load_address>0x2203</load_address>
         <run_address>0x2203</run_address>
         <size>0x24c</size>
         <input_file_ref idref="fl-3"/>
      </object_component>
      <object_component id="oc-2a6">
         <name>.debug_info</name>
         <load_address>0x244f</load_address>
         <run_address>0x244f</run_address>
         <size>0x117</size>
         <input_file_ref idref="fl-3"/>
      </object_component>
      <object_component id="oc-273">
         <name>.debug_info</name>
         <load_address>0x2566</load_address>
         <run_address>0x2566</run_address>
         <size>0x119</size>
         <input_file_ref idref="fl-3"/>
      </object_component>
      <object_component id="oc-4dc">
         <name>.debug_info</name>
         <load_address>0x267f</load_address>
         <run_address>0x267f</run_address>
         <size>0x119</size>
         <input_file_ref idref="fl-3"/>
      </object_component>
      <object_component id="oc-3f3">
         <name>.debug_info</name>
         <load_address>0x2798</load_address>
         <run_address>0x2798</run_address>
         <size>0x10d</size>
         <input_file_ref idref="fl-3"/>
      </object_component>
      <object_component id="oc-357">
         <name>.debug_info</name>
         <load_address>0x28a5</load_address>
         <run_address>0x28a5</run_address>
         <size>0x105</size>
         <input_file_ref idref="fl-3"/>
      </object_component>
      <object_component id="oc-1c9">
         <name>.debug_info</name>
         <load_address>0x29aa</load_address>
         <run_address>0x29aa</run_address>
         <size>0x15d</size>
         <input_file_ref idref="fl-3"/>
      </object_component>
      <object_component id="oc-154">
         <name>.debug_info</name>
         <load_address>0x2b07</load_address>
         <run_address>0x2b07</run_address>
         <size>0x193</size>
         <input_file_ref idref="fl-3"/>
      </object_component>
      <object_component id="oc-21f">
         <name>.debug_info</name>
         <load_address>0x2c9a</load_address>
         <run_address>0x2c9a</run_address>
         <size>0x183</size>
         <input_file_ref idref="fl-3"/>
      </object_component>
      <object_component id="oc-134">
         <name>.debug_info</name>
         <load_address>0x2e1d</load_address>
         <run_address>0x2e1d</run_address>
         <size>0x100</size>
         <input_file_ref idref="fl-3"/>
      </object_component>
      <object_component id="oc-21a">
         <name>.debug_info</name>
         <load_address>0x2f1d</load_address>
         <run_address>0x2f1d</run_address>
         <size>0x878</size>
         <input_file_ref idref="fl-3"/>
      </object_component>
      <object_component id="oc-232">
         <name>.debug_info</name>
         <load_address>0x3795</load_address>
         <run_address>0x3795</run_address>
         <size>0xf8</size>
         <input_file_ref idref="fl-3"/>
      </object_component>
      <object_component id="oc-215">
         <name>.debug_info</name>
         <load_address>0x388d</load_address>
         <run_address>0x388d</run_address>
         <size>0x9a</size>
         <input_file_ref idref="fl-3"/>
      </object_component>
      <object_component id="oc-22d">
         <name>.debug_info</name>
         <load_address>0x3927</load_address>
         <run_address>0x3927</run_address>
         <size>0xb6</size>
         <input_file_ref idref="fl-3"/>
      </object_component>
      <object_component id="oc-224">
         <name>.debug_info</name>
         <load_address>0x39dd</load_address>
         <run_address>0x39dd</run_address>
         <size>0xa1</size>
         <input_file_ref idref="fl-3"/>
      </object_component>
      <object_component id="oc-421">
         <name>.debug_info</name>
         <load_address>0x3a7e</load_address>
         <run_address>0x3a7e</run_address>
         <size>0x62</size>
         <input_file_ref idref="fl-3"/>
      </object_component>
      <object_component id="oc-aa">
         <name>.debug_info</name>
         <load_address>0x3ae0</load_address>
         <run_address>0x3ae0</run_address>
         <size>0x2c</size>
         <input_file_ref idref="fl-3"/>
      </object_component>
      <object_component id="oc-11d">
         <name>.debug_info</name>
         <load_address>0x3b0c</load_address>
         <run_address>0x3b0c</run_address>
         <size>0x15e</size>
         <input_file_ref idref="fl-4"/>
      </object_component>
      <object_component id="oc-36">
         <name>.debug_info</name>
         <load_address>0x3c6a</load_address>
         <run_address>0x3c6a</run_address>
         <size>0x84</size>
         <input_file_ref idref="fl-4"/>
      </object_component>
      <object_component id="oc-1a5">
         <name>.debug_info</name>
         <load_address>0x3cee</load_address>
         <run_address>0x3cee</run_address>
         <size>0x2f4</size>
         <input_file_ref idref="fl-e"/>
      </object_component>
      <object_component id="oc-3f7">
         <name>.debug_info</name>
         <load_address>0x3fe2</load_address>
         <run_address>0x3fe2</run_address>
         <size>0xd6</size>
         <input_file_ref idref="fl-e"/>
      </object_component>
      <object_component id="oc-3ed">
         <name>.debug_info</name>
         <load_address>0x40b8</load_address>
         <run_address>0x40b8</run_address>
         <size>0xd6</size>
         <input_file_ref idref="fl-e"/>
      </object_component>
      <object_component id="oc-305">
         <name>.debug_info</name>
         <load_address>0x418e</load_address>
         <run_address>0x418e</run_address>
         <size>0x12e</size>
         <input_file_ref idref="fl-e"/>
      </object_component>
      <object_component id="oc-2ff">
         <name>.debug_info</name>
         <load_address>0x42bc</load_address>
         <run_address>0x42bc</run_address>
         <size>0x167</size>
         <input_file_ref idref="fl-e"/>
      </object_component>
      <object_component id="oc-2f3">
         <name>.debug_info</name>
         <load_address>0x4423</load_address>
         <run_address>0x4423</run_address>
         <size>0x133</size>
         <input_file_ref idref="fl-e"/>
      </object_component>
      <object_component id="oc-2f9">
         <name>.debug_info</name>
         <load_address>0x4556</load_address>
         <run_address>0x4556</run_address>
         <size>0x11a</size>
         <input_file_ref idref="fl-e"/>
      </object_component>
[...]
         <name>TimerCC32XX_open</name>
         <value>0x2000cd31</value>
         <object_component_ref idref="oc-585"/>
      </symbol>
      <symbol id="sm-4ef">
         <name>TimerCC32XX_init</name>
         <value>0x2000e847</value>
         <object_component_ref idref="oc-57f"/>
      </symbol>
      <symbol id="sm-4f0">
         <name>TimerCC32XX_fxnTable</name>
         <value>0x2000f728</value>
         <object_component_ref idref="oc-4d7"/>
      </symbol>
      <symbol id="sm-4f1">
         <name>TimerCC32XX_setPeriod</name>
         <value>0x2000d7a9</value>
         <object_component_ref idref="oc-58b"/>
      </symbol>
      <symbol id="sm-4f2">
         <name>TimerCC32XX_start</name>
         <value>0x2000da31</value>
         <object_component_ref idref="oc-591"/>
      </symbol>
      <symbol id="sm-4f3">
         <name>TimerCC32XX_freeTimerResource</name>
         <value>0x2000e8e5</value>
         <object_component_ref idref="oc-619"/>
      </symbol>
      <symbol id="sm-4f4">
         <name>TimerCC32XX_control</name>
         <value>0x2000ef07</value>
         <object_component_ref idref="oc-573"/>
      </symbol>
      <symbol id="sm-4f5">
         <name>TimerCC32XX_stop</name>
         <value>0x2000de65</value>
         <object_component_ref idref="oc-597"/>
      </symbol>
      <symbol id="sm-4f6">
         <name>TimerCC32XX_close</name>
         <value>0x2000e685</value>
         <object_component_ref idref="oc-56d"/>
      </symbol>
      <symbol id="sm-4f7">
         <name>TimerCC32XX_allocateTimerResource</name>
         <value>0x2000e055</value>
         <object_component_ref idref="oc-623"/>
      </symbol>
      <symbol id="sm-4f8">
         <name>TimerCC32XX_getCount</name>
         <value>0x2000ecb1</value>
         <object_component_ref idref="oc-579"/>
      </symbol>
      <symbol id="sm-510">
         <name>List_remove</name>
         <value>0x2000eacb</value>
         <object_component_ref idref="oc-684"/>
      </symbol>
      <symbol id="sm-511">
         <name>List_put</name>
         <value>0x2000eaa5</value>
         <object_component_ref idref="oc-39b"/>
      </symbol>
      <symbol id="sm-595">
         <name>SemaphoreP_defaultParams</name>
         <value>0x2000f500</value>
         <object_component_ref idref="oc-47d"/>
      </symbol>
      <symbol id="sm-596">
         <name>SemaphoreP_construct</name>
         <value>0x2000e005</value>
         <object_component_ref idref="oc-481"/>
      </symbol>
      <symbol id="sm-597">
         <name>SemaphoreP_create</name>
         <value>0x2000ed3d</value>
         <object_component_ref idref="oc-361"/>
      </symbol>
      <symbol id="sm-598">
         <name>SemaphoreP_destruct</name>
         <value>0x2000e337</value>
         <object_component_ref idref="oc-5ac"/>
      </symbol>
      <symbol id="sm-599">
         <name>SemaphoreP_post</name>
         <value>0x2000e405</value>
         <object_component_ref idref="oc-29b"/>
      </symbol>
      <symbol id="sm-59a">
         <name>SemaphoreP_pend</name>
         <value>0x2000d311</value>
         <object_component_ref idref="oc-28f"/>
      </symbol>
      <symbol id="sm-59b">
         <name>SemaphoreP_delete</name>
         <value>0x2000ef17</value>
         <object_component_ref idref="oc-289"/>
      </symbol>
      <symbol id="sm-59c">
         <name>SemaphoreP_createBinary</name>
         <value>0x2000ec49</value>
         <object_component_ref idref="oc-277"/>
      </symbol>
      <symbol id="sm-59d">
         <name>SemaphoreP_Params_init</name>
         <value>0x2000ee71</value>
         <object_component_ref idref="oc-35b"/>
      </symbol>
      <symbol id="sm-59e">
         <name>clkFxn</name>
         <value>0x2000ec7f</value>
         <object_component_ref idref="oc-391"/>
      </symbol>
      <symbol id="sm-67e">
         <name>ClockP_ctrl</name>
         <value>0x2000f9b0</value>
      </symbol>
      <symbol id="sm-67f">
         <name>ClockP_doTick</name>
         <value>0x2000dfb5</value>
         <object_component_ref idref="oc-79"/>
      </symbol>
      <symbol id="sm-680">
         <name>ClockP_startup</name>
         <value>0x2000e87d</value>
         <object_component_ref idref="oc-4e3"/>
      </symbol>
      <symbol id="sm-681">
         <name>ClockP_stop</name>
         <value>0x2000e339</value>
         <object_component_ref idref="oc-4a9"/>
      </symbol>
      <symbol id="sm-682">
         <name>ClockP_getTicksUntilInterrupt</name>
         <value>0x2000e849</value>
         <object_component_ref idref="oc-443"/>
      </symbol>
      <symbol id="sm-683">
         <name>ClockP_setTicks</name>
         <value>0x2000ee31</value>
         <object_component_ref idref="oc-46b"/>
      </symbol>
      <symbol id="sm-684">
         <name>ClockP_tickPeriod</name>
         <value>0x2000f510</value>
         <object_component_ref idref="oc-477"/>
      </symbol>
      <symbol id="sm-685">
         <name>ClockP_usleep</name>
         <value>0x2000e189</value>
         <object_component_ref idref="oc-402"/>
      </symbol>
      <symbol id="sm-686">
         <name>ClockP_getSystemTicks</name>
         <value>0x2000ee21</value>
         <object_component_ref idref="oc-44f"/>
      </symbol>
      <symbol id="sm-687">
         <name>ClockP_destruct</name>
         <value>0x2000e595</value>
         <object_component_ref idref="oc-38b"/>
      </symbol>
      <symbol id="sm-688">
         <name>ClockP_start</name>
         <value>0x2000e94d</value>
         <object_component_ref idref="oc-379"/>
      </symbol>
      <symbol id="sm-689">
         <name>ClockP_sysTickHandler</name>
         <value>0x2000dfb5</value>
         <object_component_ref idref="oc-79"/>
      </symbol>
      <symbol id="sm-68a">
         <name>ClockP_isActive</name>
         <value>0x2000eee1</value>
         <object_component_ref idref="oc-385"/>
      </symbol>
      <symbol id="sm-68b">
         <name>ClockP_getCpuFreq</name>
         <value>0x2000ee11</value>
         <object_component_ref idref="oc-431"/>
      </symbol>
      <symbol id="sm-68c">
         <name>ClockP_add</name>
         <value>0x2000edff</value>
         <object_component_ref idref="oc-373"/>
      </symbol>
      <symbol id="sm-715">
         <name>HwiP_delete</name>
         <value>0x2000ee41</value>
         <object_component_ref idref="oc-613"/>
      </symbol>
      <symbol id="sm-716">
         <name>HwiP_construct</name>
         <value>0x2000d60d</value>
         <object_component_ref idref="oc-3cd"/>
      </symbol>
      <symbol id="sm-717">
         <name>HwiP_inISR</name>
         <value>0x2000ed69</value>
         <object_component_ref idref="oc-3a2"/>
      </symbol>
      <symbol id="sm-718">
         <name>HwiP_dispatch</name>
         <value>0x2000eaf1</value>
         <object_component_ref idref="oc-4c9"/>
      </symbol>
      <symbol id="sm-719">
         <name>HwiP_destruct</name>
         <value>0x2000eb5d</value>
         <object_component_ref idref="oc-68c"/>
      </symbol>
      <symbol id="sm-71a">
         <name>HwiP_clearInterrupt</name>
         <value>0x2000ee91</value>
         <object_component_ref idref="oc-60d"/>
      </symbol>
      <symbol id="sm-71b">
         <name>HwiP_swiPIntNum</name>
         <value>0x2000f50c</value>
         <object_component_ref idref="oc-4cf"/>
      </symbol>
      <symbol id="sm-71c">
         <name>HwiP_Params_init</name>
         <value>0x2000edb9</value>
         <object_component_ref idref="oc-2c1"/>
      </symbol>
      <symbol id="sm-71d">
         <name>HwiP_disable</name>
         <value>0x2000ee9f</value>
         <object_component_ref idref="oc-27d"/>
      </symbol>
      <symbol id="sm-71e">
         <name>HwiP_key</name>
         <value>0x2000f508</value>
         <object_component_ref idref="oc-4cf"/>
      </symbol>
      <symbol id="sm-71f">
         <name>HwiP_create</name>
         <value>0x2000e9ad</value>
         <object_component_ref idref="oc-2c7"/>
      </symbol>
      <symbol id="sm-720">
         <name>HwiP_post</name>
         <value>0x2000ef13</value>
         <object_component_ref idref="oc-546"/>
      </symbol>
      <symbol id="sm-721">
         <name>HwiP_enable</name>
         <value>0x2000eead</value>
         <object_component_ref idref="oc-158"/>
      </symbol>
      <symbol id="sm-722">
         <name>HwiP_restore</name>
         <value>0x2000ee51</value>
         <object_component_ref idref="oc-283"/>
      </symbol>
      <symbol id="sm-752">
         <name>PowerCC32XX_initPolicy</name>
         <value>0x2000debb</value>
         <object_component_ref idref="oc-34a"/>
      </symbol>
      <symbol id="sm-753">
         <name>PowerCC32XX_sleepPolicy</name>
         <value>0x2000c915</value>
         <object_component_ref idref="oc-350"/>
      </symbol>
      <symbol id="sm-7a8">
         <name>resetISR</name>
         <value>0x2000ec65</value>
         <object_component_ref idref="oc-21"/>
      </symbol>
      <symbol id="sm-7a9">
         <name>resetVectorAddr</name>
         <value>0x2000ec78</value>
         <object_component_ref idref="oc-21"/>
      </symbol>
      <symbol id="sm-7aa">
         <name>initVectors</name>
         <value>0x2000e7a1</value>
         <object_component_ref idref="oc-59"/>
      </symbol>
      <symbol id="sm-7ab">
         <name>resetVectors</name>
         <value>0x20004000</value>
         <object_component_ref idref="oc-27"/>
      </symbol>
      <symbol id="sm-7db">
         <name>SwiP_disable</name>
         <value>0x2000ebf5</value>
         <object_component_ref idref="oc-437"/>
      </symbol>
      <symbol id="sm-7dc">
         <name>SwiP_restore</name>
         <value>0x2000e449</value>
         <object_component_ref idref="oc-471"/>
      </symbol>
      <symbol id="sm-7e7">
         <name>CPUcpsid</name>
         <value>0x2000ed53</value>
         <object_component_ref idref="oc-a3"/>
      </symbol>
      <symbol id="sm-82c">
         <name>IntVTableBaseSet</name>
         <value>0x2000ed7d</value>
         <object_component_ref idref="oc-af"/>
      </symbol>
      <symbol id="sm-82d">
         <name>IntEnable</name>
         <value>0x2000d1c1</value>
         <object_component_ref idref="oc-b5"/>
      </symbol>
      <symbol id="sm-82e">
         <name>IntMasterDisable</name>
         <value>0x2000eeeb</value>
         <object_component_ref idref="oc-53"/>
      </symbol>
      <symbol id="sm-82f">
         <name>IntPendSet</name>
         <value>0x2000d699</value>
         <object_component_ref idref="oc-5f5"/>
      </symbol>
      <symbol id="sm-869">
         <name>PinModeGet</name>
         <value>0x2000e8b1</value>
         <object_component_ref idref="oc-25c"/>
      </symbol>
      <symbol id="sm-86a">
         <name>PinConfigSet</name>
         <value>0x2000d721</value>
         <object_component_ref idref="oc-2b5"/>
      </symbol>
      <symbol id="sm-86b">
         <name>PinModeSet</name>
         <value>0x2000e515</value>
         <object_component_ref idref="oc-262"/>
      </symbol>
      <symbol id="sm-86c">
         <name>PinToPadGet</name>
         <value>0x2000ebd9</value>
         <object_component_ref idref="oc-5c3"/>
      </symbol>
      <symbol id="sm-935">
         <name>PRCMLPDSRestoreInfoSet</name>
         <value>0x2000e37d</value>
         <object_component_ref idref="oc-5d7"/>
      </symbol>
      <symbol id="sm-936">
         <name>PRCMPeripheralReset</name>
         <value>0x2000ddb5</value>
         <object_component_ref idref="oc-250"/>
      </symbol>
      <symbol id="sm-937">
         <name>PRCMLPDSEnter</name>
         <value>0x2000e219</value>
         <object_component_ref idref="oc-537"/>
      </symbol>
      <symbol id="sm-938">
         <name>PRCMPeripheralClkEnable</name>
         <value>0x2000e261</value>
         <object_component_ref idref="oc-24a"/>
      </symbol>
      <symbol id="sm-939">
         <name>PRCMLPDSEnterKeepDebugIf</name>
         <value>0x2000e6f9</value>
         <object_component_ref idref="oc-53d"/>
      </symbol>
      <symbol id="sm-93a">
         <name>PRCMCC3200MCUInit</name>
         <value>0x2000c041</value>
         <object_component_ref idref="oc-1ba"/>
      </symbol>
      <symbol id="sm-93b">
         <name>PRCMHIBRegWrite</name>
         <value>0x2000ed27</value>
         <object_component_ref idref="oc-23e"/>
      </symbol>
      <symbol id="sm-93c">
         <name>PRCMSysResetCauseGet</name>
         <value>0x2000dbe5</value>
         <object_component_ref idref="oc-237"/>
      </symbol>
      <symbol id="sm-93d">
         <name>PRCMPeripheralClkDisable</name>
         <value>0x2000ea2d</value>
         <object_component_ref idref="oc-256"/>
      </symbol>
      <symbol id="sm-93e">
         <name>PRCMHIBRegRead</name>
         <value>0x2000ed11</value>
         <object_component_ref idref="oc-244"/>
      </symbol>
      <symbol id="sm-986">
         <name>TimerLoadSet</name>
         <value>0x2000e9d7</value>
         <object_component_ref idref="oc-648"/>
      </symbol>
      <symbol id="sm-987">
         <name>TimerDisable</name>
         <value>0x2000eb9d</value>
         <object_component_ref idref="oc-662"/>
      </symbol>
      <symbol id="sm-988">
         <name>TimerEnable</name>
         <value>0x2000ebbb</value>
         <object_component_ref idref="oc-65b"/>
      </symbol>
      <symbol id="sm-989">
         <name>TimerIntDisable</name>
         <value>0x2000ecc9</value>
         <object_component_ref idref="oc-668"/>
      </symbol>
      <symbol id="sm-98a">
         <name>TimerPrescaleSet</name>
         <value>0x2000ea01</value>
         <object_component_ref idref="oc-642"/>
      </symbol>
      <symbol id="sm-98b">
         <name>TimerControlStall</name>
         <value>0x2000e811</value>
         <object_component_ref idref="oc-6a5"/>
      </symbol>
      <symbol id="sm-98c">
         <name>TimerIntEnable</name>
         <value>0x2000ece1</value>
         <object_component_ref idref="oc-64f"/>
      </symbol>
      <symbol id="sm-98d">
         <name>TimerIntClear</name>
         <value>0x2000edcb</value>
         <object_component_ref idref="oc-6ad"/>
      </symbol>
      <symbol id="sm-991">
         <name>UtilsDelay</name>
         <value>0x2000ef0d</value>
         <object_component_ref idref="oc-23d"/>
      </symbol>
      <symbol id="sm-9a1">
         <name>FlashDisable</name>
         <value>0x2000e1d1</value>
         <object_component_ref idref="oc-5ed"/>
      </symbol>
      <symbol id="sm-9aa">
         <name>__aeabi_lmul</name>
         <value>0x2000ecf9</value>
         <object_component_ref idref="oc-466"/>
      </symbol>
      <symbol id="sm-9c5">
         <name>memcpy</name>
         <value>0x2000d3b1</value>
         <object_component_ref idref="oc-3b"/>
      </symbol>
      <symbol id="sm-9c6">
         <name>__aeabi_memcpy</name>
         <value>0x2000d3b1</value>
         <object_component_ref idref="oc-3b"/>
      </symbol>
      <symbol id="sm-9c7">
         <name>__aeabi_memcpy8</name>
         <value>0x2000d3b1</value>
         <object_component_ref idref="oc-3b"/>
      </symbol>
      <symbol id="sm-9c8">
         <name>__aeabi_memcpy4</name>
         <value>0x2000d3b1</value>
         <object_component_ref idref="oc-3b"/>
      </symbol>
      <symbol id="sm-9d5">
         <name>__aeabi_uldivmod</name>
         <value>0x2000d4e5</value>
         <object_component_ref idref="oc-45b"/>
      </symbol>
      <symbol id="sm-9e9">
         <name>__TI_zero_init_nomemset</name>
         <value>0x2000ec11</value>
         <object_component_ref idref="oc-47"/>
      </symbol>
      <symbol id="sm-a00">
         <name>__TI_decompress_none</name>
         <value>0x2000eebb</value>
         <object_component_ref idref="oc-1a"/>
      </symbol>
      <symbol id="sm-a23">
         <name>__TI_decompress_lzss</name>
         <value>0x2000db19</value>
         <object_component_ref idref="oc-14"/>
      </symbol>
      <symbol id="sm-aac">
         <name>_sys_memory</name>
         <value>0x20004040</value>
         <object_component_ref idref="oc-2a"/>
      </symbol>
      <symbol id="sm-aad">
         <name>free</name>
         <value>0x2000cf59</value>
         <object_component_ref idref="oc-36c"/>
      </symbol>
      <symbol id="sm-aae">
         <name>memalign</name>
         <value>0x2000ce59</value>
         <object_component_ref idref="oc-4bf"/>
      </symbol>
      <symbol id="sm-aaf">
         <name>malloc</name>
         <value>0x2000eeff</value>
         <object_component_ref idref="oc-3c7"/>
      </symbol>
      <symbol id="sm-ab0">
         <name>aligned_alloc</name>
         <value>0x2000ce59</value>
         <object_component_ref idref="oc-4bf"/>
      </symbol>
      <symbol id="sm-ac2">
         <name>__stack</name>
         <value>0x20003000</value>
         <object_component_ref idref="oc-2d"/>
      </symbol>
      <symbol id="sm-ac3">
         <name>_c_int00_noargs</name>
         <value>0x2000eb15</value>
         <object_component_ref idref="oc-c5"/>
      </symbol>
      <symbol id="sm-acd">
         <name>__aeabi_idiv0</name>
         <value>0x2000ef25</value>
         <object_component_ref idref="oc-508"/>
      </symbol>
      <symbol id="sm-ace">
         <name>__aeabi_ldiv0</name>
         <value>0x2000ef25</value>
         <object_component_ref idref="oc-508"/>
      </symbol>
      <symbol id="sm-af7">
         <name>__TI_auto_init_nobinit_nopinit</name>
         <value>0x2000e4d1</value>
         <object_component_ref idref="oc-171"/>
      </symbol>
      <symbol id="sm-b01">
         <name>_system_pre_init</name>
         <value>0x2000ef1b</value>
         <object_component_ref idref="oc-114"/>
      </symbol>
      <symbol id="sm-b0d">
         <name>C$$EXIT</name>
         <value>0x2000ef1f</value>
         <object_component_ref idref="oc-165"/>
      </symbol>
      <symbol id="sm-b0e">
         <name>abort</name>
         <value>0x2000ef1f</value>
         <object_component_ref idref="oc-165"/>
      </symbol>
      <symbol id="sm-b23">
         <name>_nop</name>
         <value>0x2000ea2b</value>
         <object_component_ref idref="oc-317"/>
      </symbol>
      <symbol id="sm-b24">
         <name>_lock</name>
         <value>0x2000f4f0</value>
         <object_component_ref idref="oc-1f7"/>
      </symbol>
      <symbol id="sm-b25">
         <name>_unlock</name>
         <value>0x2000f4f4</value>
         <object_component_ref idref="oc-1f7"/>
      </symbol>
      <symbol id="sm-b27">
         <name>__TI_static_base__</name>
         <value>0x2000f9e0</value>
      </symbol>
      <symbol id="sm-b2a">
         <name>ITM_flush</name>
         <value>0x0</value>
      </symbol>
      <symbol id="sm-b2b">
         <name>ITM_restore</name>
         <value>0x0</value>
      </symbol>
      <symbol id="sm-b2c">
         <name>__mpu_init</name>
         <value>0x0</value>
      </symbol>
      <symbol id="sm-b2d">
         <name>_system_post_cinit</name>
         <value>0x0</value>
      </symbol>
      <symbol id="sm-b2e">
         <name>usleep</name>
         <value>0x2000e189</value>
      </symbol>
      <symbol id="sm-b2f">
         <name>NoRTOS_start</name>
         <value>0x2000eead</value>
      </symbol>
   </symbol_table>
   <title>Link successful</title>
</link_info>
