******************************************************************************
                  TI ARM Linker PC v20.2.7                     
******************************************************************************
>> Linked Thu Jun  1 10:45:49 2023

OUTPUT FILE NAME:   <gpiointerrupt_CC3220S_LAUNCHXL_nortos_ccs.out>
ENTRY POINT SYMBOL: "resetISR"  address: 2000ec65


MEMORY CONFIGURATION

         name            origin    length      used     unused   attr    fill
----------------------  --------  ---------  --------  --------  ----  --------
  SRAM2                 20000000   00004000  0000130c  00002cf4  RW X
  SRAM                  20004000   0003c000  0000badb  00030525  RW X
  LOG_DATA              90000000   00040000  00000000  00040000  R   


SEGMENT ALLOCATION MAP

run origin  load origin   length   init length attrs members
----------  ----------- ---------- ----------- ----- -------
20003000    20003000    00001000   00000000    rw-
  20003000    20003000    00001000   00000000    rw- .stack
20004000    20004000    00000040   00000040    r--
  20004000    20004000    00000040   00000040    r-- .resetVecs
20004040    20004040    00008000   00000000    rw-
  20004040    20004040    00008000   00000000    rw- .sysmem
2000c040    2000c040    00002ee6   00002ee6    r-x
  2000c040    2000c040    00002ee6   00002ee6    r-x .text
2000ef28    2000ef28    000005ed   00000000    rw-
  2000ef28    2000ef28    000005ed   00000000    rw- .data
2000f518    2000f518    000002fc   000002fc    r--
  2000f518    2000f518    000002fc   000002fc    r-- .const
2000f818    2000f818    000001c4   00000000    rw-
  2000f818    2000f818    000001c4   00000000    rw- .bss
2000f9e0    2000f9e0    00000108   00000108    r--
  2000f9e0    2000f9e0    00000108   00000108    r-- .cinit


SECTION ALLOCATION MAP

 output                                  attributes/
section   page    origin      length       input sections
--------  ----  ----------  ----------   ----------------
.text      0    2000c040    00002ee6     
                  2000c040    0000042c     driverlib.a : prcm.obj (.text:PRCMCC3200MCUInit)
                  2000c46c    000002c4     gpiointerrupt.obj (.text:timerCallback)
                  2000c730    000001e4     drivers_cc32xx.a : GPIOCC32XX.oem4 (.text:GPIO_setConfig)
                  2000c914    0000019c     nortos_cc32xx.a : PowerCC32XX_nortos.oem4 (.text:PowerCC32XX_sleepPolicy)
                  2000cab0    00000148     drivers_cc32xx.a : PowerCC32XX.oem4 (.text:parkPins)
                  2000cbf8    00000138                      : PowerCC32XX.oem4 (.text:Power_sleep)
                  2000cd30    00000128                      : TimerCC32XX.oem4 (.text:TimerCC32XX_open)
                  2000ce58    00000100     rtsv7M4_T_le_eabi.lib : memory.c.obj (.text:aligned_alloc)
                  2000cf58    000000e4                           : memory.c.obj (.text:free)
                  2000d03c    000000c4     drivers_cc32xx.a : GPIOCC32XX.oem4 (.text:GPIO_init)
                  2000d100    000000c0                      : PowerCC32XX.oem4 (.text:restoreParkedPins)
                  2000d1c0    000000a8     driverlib.a : interrupt.obj (.text:IntEnable)
                  2000d268    000000a8     drivers_cc32xx.a : PowerCC32XX.oem4 (.text:PowerCC32XX_configureWakeup)
                  2000d310    000000a0     nortos_cc32xx.a : SemaphoreP_nortos.oem4 (.text:SemaphoreP_pend)
                  2000d3b0    0000009c     rtsv7M4_T_le_eabi.lib : memcpy_t2.asm.obj (.text)
                  2000d44c    00000098     drivers_cc32xx.a : GPIOCC32XX.oem4 (.text:powerNotifyFxn)
                  2000d4e4    00000096     rtsv7M4_T_le_eabi.lib : ull_div_t2.asm.obj (.text)
                  2000d57a    00000002     ti_drivers_config.obj (.text:Board_initHook)
                  2000d57c    00000090     drivers_cc32xx.a : PowerCC32XX.oem4 (.text:restoreNVICRegs)
                  2000d60c    0000008c     nortos_cc32xx.a : HwiPCC32XX_nortos.oem4 (.text:HwiP_construct)
                  2000d698    00000088     driverlib.a : interrupt.obj (.text:IntPendSet)
                  2000d720    00000088                 : pin.obj (.text:PinConfigSet)
                  2000d7a8    00000088     drivers_cc32xx.a : TimerCC32XX.oem4 (.text:TimerCC32XX_setPeriod)
                  2000d830    00000084                      : PowerCC32XX.oem4 (.text:Power_init)
                  2000d8b4    00000084                      : PowerCC32XX.oem4 (.text:saveNVICRegs)
                  2000d938    00000080                      : PowerCC32XX.oem4 (.text:Power_setDependency)
                  2000d9b8    00000078                      : GPIOCC32XX.oem4 (.text:GPIO_hwiIntFxn)
                  2000da30    00000078                      : TimerCC32XX.oem4 (.text:TimerCC32XX_start)
                  2000daa8    00000070     rtsv7M4_T_le_eabi.lib : memory.c.obj (.text:split)
                  2000db18    00000068                           : copy_decompress_lzss.c.obj (.text:decompress:lzss:__TI_decompress_lzss)
                  2000db80    00000064     drivers_cc32xx.a : PowerCC32XX.oem4 (.text:PowerCC32XX_setParkState)
                  2000dbe4    00000060     driverlib.a : prcm.obj (.text:PRCMSysResetCauseGet)
                  2000dc44    00000060     nortos_cc32xx.a : ClockPSysTick_nortos.oem4 (.text:getTimeUsec)
                  2000dca4    0000005c     drivers_cc32xx.a : GPIOCC32XX.oem4 (.text:GPIO_setCallback)
                  2000dd00    0000005c     nortos_cc32xx.a : ClockPSysTick_nortos.oem4 (.text:sysTickInit)
                  2000dd5c    00000058     drivers_cc32xx.a : GPIOCC32XX.oem4 (.text:GPIO_write)
                  2000ddb4    00000058     driverlib.a : prcm.obj (.text:PRCMPeripheralReset)
                  2000de0c    00000058     drivers_cc32xx.a : PowerCC32XX.oem4 (.text:Power_releaseDependency)
                  2000de64    00000056                      : TimerCC32XX.oem4 (.text:TimerCC32XX_stop)
                  2000deba    00000002     nortos_cc32xx.a : PowerCC32XX_nortos.oem4 (.text:PowerCC32XX_initPolicy)
                  2000debc    00000054     gpiointerrupt.obj (.text:initTimer)
                  2000df10    00000052     drivers_cc32xx.a : PowerCC32XX_asm.oem4 (.text:PowerCC32XX_resumeLPDS)
                  2000df62    00000052                      : TimerCC32XX.oem4 (.text:initHw)
                  2000dfb4    00000050     nortos_cc32xx.a : ClockPSysTick_nortos.oem4 (.text:ClockP_sysTickHandler)
                  2000e004    00000050                     : SemaphoreP_nortos.oem4 (.text:SemaphoreP_construct)
                  2000e054    00000050     drivers_cc32xx.a : TimerCC32XX.oem4 (.text:TimerCC32XX_allocateTimerResource)
                  2000e0a4    0000004c                      : GPIOCC32XX.oem4 (.text:GPIO_enableInt)
                  2000e0f0    0000004c                      : PowerCC32XX.oem4 (.text:PowerCC32XX_parkPin)
                  2000e13c    0000004c                      : PowerCC32XX.oem4 (.text:restorePeriphClocks)
                  2000e188    00000048     nortos_cc32xx.a : ClockPSysTick_nortos.oem4 (.text:ClockP_usleep)
                  2000e1d0    00000048     driverlib.a : flash.obj (.text:FlashDisable)
                  2000e218    00000048                 : prcm.obj (.text:PRCMLPDSEnter)
                  2000e260    00000048                 : prcm.obj (.text:PRCMPeripheralClkEnable)
                  2000e2a8    00000048     drivers_cc32xx.a : PowerCC32XX.oem4 (.text:Power_releaseConstraint)
                  2000e2f0    00000046                      : TimerCC32XX.oem4 (.text:getPrescaler)
                  2000e336    00000002     nortos_cc32xx.a : SemaphoreP_nortos.oem4 (.text:SemaphoreP_destruct)
                  2000e338    00000044                     : ClockPSysTick_nortos.oem4 (.text:ClockP_stop)
                  2000e37c    00000044     driverlib.a : prcm.obj (.text:PRCMLPDSRestoreInfoSet)
                  2000e3c0    00000044     drivers_cc32xx.a : PowerCC32XX_asm.oem4 (.text:PowerCC32XX_enterLPDS)
                  2000e404    00000044     nortos_cc32xx.a : SemaphoreP_nortos.oem4 (.text:SemaphoreP_post)
                  2000e448    00000044                     : SwiP_nortos.oem4 (.text:SwiP_restore)
                  2000e48c    00000044     drivers_cc32xx.a : Timer.oem4 (.text:Timer_init)
                  2000e4d0    00000044     rtsv7M4_T_le_eabi.lib : autoinit.c.obj (.text:__TI_auto_init_nobinit_nopinit:__TI_auto_init_nobinit_nopinit)
                  2000e514    00000040     driverlib.a : pin.obj (.text:PinModeSet)
                  2000e554    00000040     drivers_cc32xx.a : Timer.oem4 (.text:Timer_open)
                  2000e594    0000003c     nortos_cc32xx.a : ClockPSysTick_nortos.oem4 (.text:ClockP_destruct)
                  2000e5d0    0000003c     drivers_cc32xx.a : PowerCC32XX.oem4 (.text:Power_setConstraint)
                  2000e60c    0000003c     gpiointerrupt.obj (.text:buttonInterruptHandler)
                  2000e648    0000003c     gpiointerrupt.obj (.text:mainThread)
                  2000e684    0000003a     drivers_cc32xx.a : TimerCC32XX.oem4 (.text:TimerCC32XX_close)
                  2000e6be    0000003a     nortos_cc32xx.a : PowerCC32XX_nortos.oem4 (.text:getCountsRTC)
                  2000e6f8    00000038     driverlib.a : prcm.obj (.text:PRCMLPDSEnterKeepDebugIf)
                  2000e730    00000038     drivers_cc32xx.a : TimerCC32XX.oem4 (.text:TimerCC32XX_hwiIntFunction)
                  2000e768    00000038     nortos_cc32xx.a : ClockPSysTick_nortos.oem4 (.text:addToList)
                  2000e7a0    00000038                     : startup_cc32xx_ccs.oem4 (.text:initVectors)
                  2000e7d8    00000038     drivers_cc32xx.a : PowerCC32XX.oem4 (.text:notify)
                  2000e810    00000036     driverlib.a : timer.obj (.text:TimerControlStall)
                  2000e846    00000002     drivers_cc32xx.a : TimerCC32XX.oem4 (.text:TimerCC32XX_init)
                  2000e848    00000034     nortos_cc32xx.a : ClockPSysTick_nortos.oem4 (.text:ClockP_getTicksUntilInterrupt)
                  2000e87c    00000034                     : ClockPSysTick_nortos.oem4 (.text:ClockP_startup)
                  2000e8b0    00000034     driverlib.a : pin.obj (.text:PinModeGet)
                  2000e8e4    00000034     drivers_cc32xx.a : TimerCC32XX.oem4 (.text:TimerCC32XX_freeTimerResource)
                  2000e918    00000034                      : TimerCC32XX.oem4 (.text:getPowerMgrId)
                  2000e94c    00000030     nortos_cc32xx.a : ClockPSysTick_nortos.oem4 (.text:ClockP_start)
                  2000e97c    00000030     drivers_cc32xx.a : PowerCC32XX.oem4 (.text:PowerCC32XX_restoreParkedPin)
                  2000e9ac    0000002a     nortos_cc32xx.a : HwiPCC32XX_nortos.oem4 (.text:HwiP_create)
                  2000e9d6    0000002a     driverlib.a : timer.obj (.text:TimerLoadSet)
                  2000ea00    0000002a                 : timer.obj (.text:TimerPrescaleSet)
                  2000ea2a    00000002     rtsv7M4_T_le_eabi.lib : _lock.c.obj (.text:_nop)
                  2000ea2c    00000028     driverlib.a : prcm.obj (.text:PRCMPeripheralClkDisable)
                  2000ea54    00000028     drivers_cc32xx.a : PowerCC32XX.oem4 (.text:Power_registerNotify)
                  2000ea7c    00000028     rtsv7M4_T_le_eabi.lib : memory.c.obj (.text:free_list_insert)
                  2000eaa4    00000026     drivers_cc32xx.a : List.oem4 (.text:List_put)
                  2000eaca    00000026                      : List.oem4 (.text:List_remove)
                  2000eaf0    00000024     nortos_cc32xx.a : HwiPCC32XX_nortos.oem4 (.text:HwiP_dispatch)
                  2000eb14    00000024     rtsv7M4_T_le_eabi.lib : boot_cortex_m.c.obj (.text:_c_int00_noargs:_c_int00_noargs)
                  2000eb38    00000024     nortos_cc32xx.a : ClockPSysTick_nortos.oem4 (.text:sleepTicks)
                  2000eb5c    00000020                     : HwiPCC32XX_nortos.oem4 (.text:HwiP_destruct)
                  2000eb7c    00000020     drivers_cc32xx.a : PowerCC32XX.oem4 (.text:Power_unregisterNotify)
                  2000eb9c    0000001e     driverlib.a : timer.obj (.text:TimerDisable)
                  2000ebba    0000001e                 : timer.obj (.text:TimerEnable)
                  2000ebd8    0000001c                 : pin.obj (.text:PinToPadGet)
                  2000ebf4    0000001c     nortos_cc32xx.a : SwiP_nortos.oem4 (.text:SwiP_disable)
                  2000ec10    0000001c     rtsv7M4_T_le_eabi.lib : copy_zero_init.c.obj (.text:decompress:ZI:__TI_zero_init_nomemset:__TI_zero_init_nomemset)
                  2000ec2c    0000001c                           : memory.c.obj (.text:free_list_remove)
                  2000ec48    0000001a     nortos_cc32xx.a : SemaphoreP_nortos.oem4 (.text:SemaphoreP_createBinary)
                  2000ec62    00000002                     : startup_cc32xx_ccs.oem4 (.text:busFaultHandler)
                  2000ec64    0000001a                     : startup_cc32xx_ccs.oem4 (.text:resetISR)
                  2000ec7e    00000002                     : SemaphoreP_nortos.oem4 (.text:clkFxn)
                  2000ec80    00000018     drivers_cc32xx.a : PowerCC32XX.oem4 (.text:Power_getTransitionLatency)
                  2000ec98    00000018                      : PowerCC32XX.oem4 (.text:Power_idleFunc)
                  2000ecb0    00000018                      : TimerCC32XX.oem4 (.text:TimerCC32XX_getCount)
                  2000ecc8    00000018     driverlib.a : timer.obj (.text:TimerIntDisable)
                  2000ece0    00000018                 : timer.obj (.text:TimerIntEnable)
                  2000ecf8    00000018     rtsv7M4_T_le_eabi.lib : ll_mul_t2.asm.obj (.text)
                  2000ed10    00000016     driverlib.a : prcm.obj (.text:PRCMHIBRegRead)
                  2000ed26    00000016                 : prcm.obj (.text:PRCMHIBRegWrite)
                  2000ed3c    00000016     nortos_cc32xx.a : SemaphoreP_nortos.oem4 (.text:SemaphoreP_create)
                  2000ed52    00000014     driverlib.a : cpu.obj (.text:CPUcpsid)
                  2000ed66    00000002     nortos_cc32xx.a : startup_cc32xx_ccs.oem4 (.text:defaultHandler)
                  2000ed68    00000014                     : HwiPCC32XX_nortos.oem4 (.text:HwiP_inISR)
                  2000ed7c    00000014     driverlib.a : interrupt.obj (.text:IntVTableBaseSet)
                  2000ed90    00000014     drivers_cc32xx.a : PowerCC32XX.oem4 (.text:Power_disablePolicy)
                  2000eda4    00000014                      : PowerCC32XX.oem4 (.text:Power_getDependencyCount)
                  2000edb8    00000012     nortos_cc32xx.a : HwiPCC32XX_nortos.oem4 (.text:HwiP_Params_init)
                  2000edca    00000012     driverlib.a : timer.obj (.text:TimerIntClear)
                  2000eddc    00000012     main_nortos.obj (.text:main)
                  2000edee    00000010     ti_drivers_config.obj (.text:Board_init)
                  2000edfe    00000010     nortos_cc32xx.a : ClockPSysTick_nortos.oem4 (.text:ClockP_add)
                  2000ee0e    00000002                     : startup_cc32xx_ccs.oem4 (.text:faultISR)
                  2000ee10    00000010                     : ClockPSysTick_nortos.oem4 (.text:ClockP_getCpuFreq)
                  2000ee20    00000010                     : ClockPSysTick_nortos.oem4 (.text:ClockP_getSystemTicks)
                  2000ee30    00000010                     : ClockPSysTick_nortos.oem4 (.text:ClockP_setTicks)
                  2000ee40    00000010                     : HwiPCC32XX_nortos.oem4 (.text:HwiP_delete)
                  2000ee50    00000010                     : HwiPCC32XX_nortos.oem4 (.text:HwiP_restore)
                  2000ee60    00000010     drivers_cc32xx.a : PowerCC32XX.oem4 (.text:Power_enablePolicy)
                  2000ee70    00000010     nortos_cc32xx.a : SemaphoreP_nortos.oem4 (.text:SemaphoreP_Params_init)
                  2000ee80    00000010     drivers_cc32xx.a : Timer.oem4 (.text:Timer_Params_init)
                  2000ee90    0000000e     nortos_cc32xx.a : HwiPCC32XX_nortos.oem4 (.text:HwiP_clearInterrupt)
                  2000ee9e    0000000e                     : HwiPCC32XX_nortos.oem4 (.text:HwiP_disable)
                  2000eeac    0000000e                     : HwiPCC32XX_nortos.oem4 (.text:HwiP_enable)
                  2000eeba    0000000e     rtsv7M4_T_le_eabi.lib : copy_decompress_none.c.obj (.text:decompress:none:__TI_decompress_none)
                  2000eec8    0000000c     drivers_cc32xx.a : PowerCC32XX.oem4 (.text:Power_getConstraintMask)
                  2000eed4    0000000c                      : TimerCC32XX.oem4 (.text:postNotifyFxn)
                  2000eee0    0000000a     nortos_cc32xx.a : ClockPSysTick_nortos.oem4 (.text:ClockP_isActive)
                  2000eeea    0000000a     driverlib.a : interrupt.obj (.text:IntMasterDisable)
                  2000eef4    0000000a     drivers_cc32xx.a : Timer.oem4 (.text:Timer_start)
                  2000eefe    00000008     rtsv7M4_T_le_eabi.lib : memory.c.obj (.text:malloc)
                  2000ef06    00000006     drivers_cc32xx.a : TimerCC32XX.oem4 (.text:TimerCC32XX_control)
                  2000ef0c    00000006     driverlib.a : utils.obj (.text:UtilsDelay)
                  2000ef12    00000004     nortos_cc32xx.a : HwiPCC32XX_nortos.oem4 (.text:HwiP_post)
                  2000ef16    00000004                     : SemaphoreP_nortos.oem4 (.text:SemaphoreP_delete)
                  2000ef1a    00000004     rtsv7M4_T_le_eabi.lib : pre_init.c.obj (.text:_system_pre_init)
                  2000ef1e    00000004                           : exit.c.obj (.text:abort:abort)
                  2000ef22    00000002     nortos_cc32xx.a : startup_cc32xx_ccs.oem4 (.text:nmiISR)
                  2000ef24    00000002     rtsv7M4_T_le_eabi.lib : div0.asm.obj (.text)

.const     0    2000f518    000002fc     
                  2000f518    00000100     driverlib.a : pin.obj (.const:g_ulPinToPadMap)
                  2000f618    000000a8                 : prcm.obj (.const:PRCM_PeriphRegsList)
                  2000f6c0    00000044     ti_drivers_config.obj (.const:PowerCC32XX_config)
                  2000f704    00000021     drivers_cc32xx.a : GPIOCC32XX.oem4 (.const:.string:pinTable)
                  2000f725    00000003     --HOLE-- [fill = 0]
                  2000f728    00000020                      : TimerCC32XX.oem4 (.const:TimerCC32XX_fxnTable)
                  2000f748    00000018     driverlib.a : interrupt.obj (.const:g_pulEnRegs)
                  2000f760    00000018                 : interrupt.obj (.const:g_pulPendRegs)
                  2000f778    00000014     ti_drivers_config.obj (.const:GPIOCC32XX_config)
                  2000f78c    00000014     drivers_cc32xx.a : GPIOCC32XX.oem4 (.const:gpioBaseAddresses)
                  2000f7a0    00000014                      : GPIOCC32XX.oem4 (.const:powerResources)
                  2000f7b4    00000012     gpiointerrupt.obj (.const:.string)
                  2000f7c6    00000002     --HOLE-- [fill = 0]
                  2000f7c8    00000010     ti_drivers_config.obj (.const:timerCC32XXHWAttrs)
                  2000f7d8    0000000c     ti_drivers_config.obj (.const:Timer_config)
                  2000f7e4    0000000c     drivers_cc32xx.a : Timer.oem4 (.const:defaultParams)
                  2000f7f0    00000008                      : GPIOCC32XX.oem4 (.const:outPinTypes)
                  2000f7f8    00000006                      : GPIOCC32XX.oem4 (.const:.string:interruptType)
                  2000f7fe    00000006                      : GPIOCC32XX.oem4 (.const:inPinTypes)
                  2000f804    00000006                      : GPIOCC32XX.oem4 (.const:outPinStrengths)
                  2000f80a    00000006     ti_drivers_config.obj (.const)
                  2000f810    00000004     drivers_cc32xx.a : GPIOCC32XX.oem4 (.const:.string:portInterruptIds)

.cinit     0    2000f9e0    00000108     
                  2000f9e0    000000e0     (.cinit..data.load) [load image, compression = lzss]
                  2000fac0    0000000c     (__TI_handler_table)
                  2000facc    00000004     --HOLE-- [fill = 0]
                  2000fad0    00000008     (.cinit..bss.load) [load image, compression = zero_init]
                  2000fad8    00000010     (__TI_cinit_table)

.init_array 
*          0    20004000    00000000     UNINITIALIZED

.ramVecs   0    20000000    0000030c     NOLOAD SECTION
                  20000000    0000030c     nortos_cc32xx.a : startup_cc32xx_ccs.oem4 (.ramVecs)

.stack     0    20003000    00001000     UNINITIALIZED
                  20003000    00000004     rtsv7M4_T_le_eabi.lib : boot_cortex_m.c.obj (.stack)
                  20003004    00000ffc     --HOLE--

.resetVecs 
*          0    20004000    00000040     
                  20004000    00000040     nortos_cc32xx.a : startup_cc32xx_ccs.oem4 (.resetVecs:retain)

.sysmem    0    20004040    00008000     UNINITIALIZED
                  20004040    00000010     rtsv7M4_T_le_eabi.lib : memory.c.obj (.sysmem)
                  20004050    00007ff0     --HOLE--

.data      0    2000ef28    000005ed     UNINITIALIZED
                  2000ef28    0000030c     nortos_cc32xx.a : HwiPCC32XX_nortos.oem4 (.data:HwiP_dispatchTable)
                  2000f234    0000016c     drivers_cc32xx.a : PowerCC32XX.oem4 (.data:PowerCC32XX_module)
                  2000f3a0    000000f8     ti_drivers_config.obj (.data:parkInfo)
                  2000f498    00000029     gpiointerrupt.obj (.data)
                  2000f4c1    00000003     nortos_cc32xx.a : SemaphoreP_nortos.oem4 (.data)
                  2000f4c4    00000010     ti_drivers_config.obj (.data:gpioCallbackFunctions)
                  2000f4d4    00000010     ti_drivers_config.obj (.data:gpioPinConfigs)
                  2000f4e4    00000009     drivers_cc32xx.a : GPIOCC32XX.oem4 (.data)
                  2000f4ed    00000001                      : Timer.oem4 (.data)
                  2000f4ee    00000002     --HOLE--
                  2000f4f0    00000008     rtsv7M4_T_le_eabi.lib : _lock.c.obj (.data:$O1$$)
                  2000f4f8    00000008                           : memory.c.obj (.data:$O1$$)
                  2000f500    00000008     nortos_cc32xx.a : SemaphoreP_nortos.oem4 (.data:SemaphoreP_defaultParams)
                  2000f508    00000008                     : HwiPCC32XX_nortos.oem4 (.data)
                  2000f510    00000005                     : ClockPSysTick_nortos.oem4 (.data)

.bss       0    2000f818    000001c4     UNINITIALIZED
                  2000f818    0000012c     (.common:PowerCC32XX_contextSave)
                  2000f944    00000034     (.common:timerCC32XXObjects)
                  2000f978    00000020     drivers_cc32xx.a : GPIOCC32XX.oem4 (.bss:gpioCallbackInfo)
                  2000f998    00000014                      : GPIOCC32XX.oem4 (.bss:powerNotifyObj)
                  2000f9ac    00000004                      : GPIOCC32XX.oem4 (.bss)
                  2000f9b0    00000010     (.common:ClockP_ctrl)
                  2000f9c0    0000000d     nortos_cc32xx.a : SwiP_nortos.oem4 (.bss)
                  2000f9cd    00000003     --HOLE--
                  2000f9d0    00000004     gpiointerrupt.obj (.bss)
                  2000f9d4    00000004     nortos_cc32xx.a : ClockPSysTick_nortos.oem4 (.bss)
                  2000f9d8    00000004     drivers_cc32xx.a : TimerCC32XX.oem4 (.bss:timerState)

.log_data 
*          0    90000000    00000000     COPY SECTION

__llvm_prf_cnts 
*          0    20004000    00000000     UNINITIALIZED

MODULE SUMMARY

       Module                       code    ro data   rw data
       ------                       ----    -------   -------
    .\
       gpiointerrupt.obj            912     18        45     
       main_nortos.obj              18      0         0      
    +--+----------------------------+-------+---------+---------+
       Total:                       930     18        45     
                                                             
    .\syscfg\
       ti_drivers_config.obj        18      122       332    
    +--+----------------------------+-------+---------+---------+
       Total:                       18      122       332    
                                                             
    C:/ti/simplelink_cc32xx_sdk_4_30_00_06/kernel/nortos/lib/ccs/m4/nortos_cc32xx.a
       HwiPCC32XX_nortos.oem4       366     0         788    
       startup_cc32xx_ccs.oem4      90      64        780    
       ClockPSysTick_nortos.oem4    786     0         25     
       PowerCC32XX_nortos.oem4      472     0         0      
       SemaphoreP_nortos.oem4       380     0         11     
       SwiP_nortos.oem4             96      0         13     
    +--+----------------------------+-------+---------+---------+
       Total:                       2190    64        1617   
                                                             
    C:/ti/simplelink_cc32xx_sdk_4_30_00_06/source/ti/devices/cc32xx/driverlib/ccs/Release/driverlib.a
       prcm.obj                     1604    168       0      
       pin.obj                      280     256       0      
       interrupt.obj                334     48        0      
       timer.obj                    264     0         0      
       flash.obj                    72      0         0      
       cpu.obj                      20      0         0      
       utils.obj                    6       0         0      
    +--+----------------------------+-------+---------+---------+
       Total:                       2580    472       0      
                                                             
    C:/ti/simplelink_cc32xx_sdk_4_30_00_06/source/ti/drivers/lib/ccs/m4/drivers_cc32xx.a
       PowerCC32XX.oem4             2300    0         664    
       GPIOCC32XX.oem4              1208    103       65     
       TimerCC32XX.oem4             1132    32        4      
       Timer.oem4                   158     12        1      
       PowerCC32XX_asm.oem4         150     0         0      
       List.oem4                    76      0         0      
    +--+----------------------------+-------+---------+---------+
       Total:                       5024    147       734    
                                                             
    C:\ti\ccs1220\ccs\tools\compiler\ti-cgt-arm_20.2.7.LTS\lib\rtsv7M4_T_le_eabi.lib
       memory.c.obj                 672     0         8      
       memcpy_t2.asm.obj            156     0         0      
       ull_div_t2.asm.obj           150     0         0      
       copy_decompress_lzss.c.obj   104     0         0      
       autoinit.c.obj               68      0         0      
       boot_cortex_m.c.obj          36      0         0      
       copy_zero_init.c.obj         28      0         0      
       ll_mul_t2.asm.obj            24      0         0      
       copy_decompress_none.c.obj   14      0         0      
       _lock.c.obj                  2       0         8      
       exit.c.obj                   4       0         0      
       pre_init.c.obj               4       0         0      
       div0.asm.obj                 2       0         0      
    +--+----------------------------+-------+---------+---------+
       Total:                       1264    0         16     
                                                             
       Heap:                        0       0         32768  
       Stack:                       0       0         4096   
       Linker Generated:            0       260       0      
    +--+----------------------------+-------+---------+---------+
       Grand Total:                 12006   1083      39608  


LINKER GENERATED COPY TABLES

__TI_cinit_table @ 2000fad8 records: 2, size/record: 8, table size: 16
	.data: load addr=2000f9e0, load size=000000e0 bytes, run addr=2000ef28, run size=000005ed bytes, compression=lzss
	.bss: load addr=2000fad0, load size=00000008 bytes, run addr=2000f818, run size=000001c4 bytes, compression=zero_init


LINKER GENERATED HANDLER TABLE

__TI_handler_table @ 2000fac0 records: 3, size/record: 4, table size: 12
	index: 0, handler: __TI_decompress_lzss
	index: 1, handler: __TI_decompress_none
	index: 2, handler: __TI_zero_init


GLOBAL SYMBOLS: SORTED ALPHABETICALLY BY Name 

address   name                             
-------   ----                             
2000edef  Board_init                       
2000d57b  Board_initHook                   
2000ef1f  C$$EXIT                          
2000f80a  CONFIG_GPIO_BUTTON_0_CONST       
2000f80b  CONFIG_GPIO_BUTTON_1_CONST       
2000f80c  CONFIG_GPIO_LED_0_CONST          
2000f80d  CONFIG_GPIO_LED_1_CONST          
2000f80e  CONFIG_TIMER_0_CONST             
2000ed53  CPUcpsid                         
2000edff  ClockP_add                       
2000f9b0  ClockP_ctrl                      
2000e595  ClockP_destruct                  
2000dfb5  ClockP_doTick                    
2000ee11  ClockP_getCpuFreq                
2000ee21  ClockP_getSystemTicks            
2000e849  ClockP_getTicksUntilInterrupt    
2000eee1  ClockP_isActive                  
2000ee31  ClockP_setTicks                  
2000e94d  ClockP_start                     
2000e87d  ClockP_startup                   
2000e339  ClockP_stop                      
2000dfb5  ClockP_sysTickHandler            
2000f510  ClockP_tickPeriod                
2000e189  ClockP_usleep                    
2000e1d1  FlashDisable                     
2000f778  GPIOCC32XX_config                
2000e0a5  GPIO_enableInt                   
2000d9b9  GPIO_hwiIntFxn                   
2000d03d  GPIO_init                        
2000dca5  GPIO_setCallback                 
2000c731  GPIO_setConfig                   
2000dd5d  GPIO_write                       
2000edb9  HwiP_Params_init                 
2000ee91  HwiP_clearInterrupt              
2000d60d  HwiP_construct                   
2000e9ad  HwiP_create                      
2000ee41  HwiP_delete                      
2000eb5d  HwiP_destruct                    
2000ee9f  HwiP_disable                     
2000eaf1  HwiP_dispatch                    
2000eead  HwiP_enable                      
2000ed69  HwiP_inISR                       
2000f508  HwiP_key                         
2000ef13  HwiP_post                        
2000ee51  HwiP_restore                     
2000f50c  HwiP_swiPIntNum                  
UNDEFED   ITM_flush                        
UNDEFED   ITM_restore                      
2000d1c1  IntEnable                        
2000eeeb  IntMasterDisable                 
2000d699  IntPendSet                       
2000ed7d  IntVTableBaseSet                 
2000eaa5  List_put                         
2000eacb  List_remove                      
2000eead  NoRTOS_start                     
2000c041  PRCMCC3200MCUInit                
2000ed11  PRCMHIBRegRead                   
2000ed27  PRCMHIBRegWrite                  
2000e219  PRCMLPDSEnter                    
2000e6f9  PRCMLPDSEnterKeepDebugIf         
2000e37d  PRCMLPDSRestoreInfoSet           
2000ea2d  PRCMPeripheralClkDisable         
2000e261  PRCMPeripheralClkEnable          
2000ddb5  PRCMPeripheralReset              
2000dbe5  PRCMSysResetCauseGet             
2000d721  PinConfigSet                     
2000e8b1  PinModeGet                       
2000e515  PinModeSet                       
2000ebd9  PinToPadGet                      
2000f6c0  PowerCC32XX_config               
2000d269  PowerCC32XX_configureWakeup      
2000f818  PowerCC32XX_contextSave          
2000e3c1  PowerCC32XX_enterLPDS            
2000debb  PowerCC32XX_initPolicy           
2000f234  PowerCC32XX_module               
2000e0f1  PowerCC32XX_parkPin              
2000e97d  PowerCC32XX_restoreParkedPin     
2000df11  PowerCC32XX_resumeLPDS           
2000db81  PowerCC32XX_setParkState         
2000c915  PowerCC32XX_sleepPolicy          
2000ed91  Power_disablePolicy              
2000ee61  Power_enablePolicy               
2000eec9  Power_getConstraintMask          
2000eda5  Power_getDependencyCount         
2000ec81  Power_getTransitionLatency       
2000ec99  Power_idleFunc                   
2000d831  Power_init                       
2000ea55  Power_registerNotify             
2000e2a9  Power_releaseConstraint          
2000de0d  Power_releaseDependency          
2000e5d1  Power_setConstraint              
2000d939  Power_setDependency              
2000cbf9  Power_sleep                      
2000eb7d  Power_unregisterNotify           
2000ee71  SemaphoreP_Params_init           
2000e005  SemaphoreP_construct             
2000ed3d  SemaphoreP_create                
2000ec49  SemaphoreP_createBinary          
2000f500  SemaphoreP_defaultParams         
2000ef17  SemaphoreP_delete                
2000e337  SemaphoreP_destruct              
2000d311  SemaphoreP_pend                  
2000e405  SemaphoreP_post                  
2000ebf5  SwiP_disable                     
2000e449  SwiP_restore                     
2000e055  TimerCC32XX_allocateTimerResource
2000e685  TimerCC32XX_close                
2000ef07  TimerCC32XX_control              
2000e8e5  TimerCC32XX_freeTimerResource    
2000f728  TimerCC32XX_fxnTable             
2000ecb1  TimerCC32XX_getCount             
2000e847  TimerCC32XX_init                 
2000cd31  TimerCC32XX_open                 
2000d7a9  TimerCC32XX_setPeriod            
2000da31  TimerCC32XX_start                
2000de65  TimerCC32XX_stop                 
2000e811  TimerControlStall                
2000eb9d  TimerDisable                     
2000ebbb  TimerEnable                      
2000edcb  TimerIntClear                    
2000ecc9  TimerIntDisable                  
2000ece1  TimerIntEnable                   
2000e9d7  TimerLoadSet                     
2000ea01  TimerPrescaleSet                 
2000ee81  Timer_Params_init                
2000f7d8  Timer_config                     
2000f80f  Timer_count                      
2000e48d  Timer_init                       
2000e555  Timer_open                       
2000eef5  Timer_start                      
2000ef0d  UtilsDelay                       
20004000  __STACK_END                      
00001000  __STACK_SIZE                     
00008000  __SYSMEM_SIZE                    
2000fad8  __TI_CINIT_Base                  
2000fae8  __TI_CINIT_Limit                 
2000fac0  __TI_Handler_Table_Base          
2000facc  __TI_Handler_Table_Limit         
2000e4d1  __TI_auto_init_nobinit_nopinit   
2000db19  __TI_decompress_lzss             
2000eebb  __TI_decompress_none             
ffffffff  __TI_pprof_out_hndl              
ffffffff  __TI_prof_data_size              
ffffffff  __TI_prof_data_start             
2000f9e0  __TI_static_base__               
2000ec11  __TI_zero_init_nomemset          
2000ef25  __aeabi_idiv0                    
2000ef25  __aeabi_ldiv0                    
2000ecf9  __aeabi_lmul                     
2000d3b1  __aeabi_memcpy                   
2000d3b1  __aeabi_memcpy4                  
2000d3b1  __aeabi_memcpy8                  
2000d4e5  __aeabi_uldivmod                 
ffffffff  __binit__                        
ffffffff  __c_args__                       
UNDEFED   __mpu_init                       
20003000  __stack                          
20004000  __start___llvm_prf_cnts          
20004000  __stop___llvm_prf_cnts           
2000eb15  _c_int00_noargs                  
2000f4f0  _lock                            
2000ea2b  _nop                             
20004040  _sys_memory                      
UNDEFED   _system_post_cinit               
2000ef1b  _system_pre_init                 
2000f4f4  _unlock                          
2000ef1f  abort                            
2000ce59  aligned_alloc                    
ffffffff  binit                            
2000e60d  buttonInterruptHandler           
2000ec7f  clkFxn                           
2000cf59  free                             
2000f4c4  gpioCallbackFunctions            
2000f4d4  gpioPinConfigs                   
2000f7fe  inPinTypes                       
2000debd  initTimer                        
2000e7a1  initVectors                      
2000eddd  main                             
2000e649  mainThread                       
2000eeff  malloc                           
2000ce59  memalign                         
2000d3b1  memcpy                           
2000f804  outPinStrengths                  
2000f7f0  outPinTypes                      
2000f3a0  parkInfo                         
2000ec65  resetISR                         
2000ec78  resetVectorAddr                  
20004000  resetVectors                     
2000f7c8  timerCC32XXHWAttrs               
2000f944  timerCC32XXObjects               
2000c46d  timerCallback                    
2000e189  usleep                           


GLOBAL SYMBOLS: SORTED BY Symbol Address 

address   name                             
-------   ----                             
00001000  __STACK_SIZE                     
00008000  __SYSMEM_SIZE                    
20003000  __stack                          
20004000  __STACK_END                      
20004000  __start___llvm_prf_cnts          
20004000  __stop___llvm_prf_cnts           
20004000  resetVectors                     
20004040  _sys_memory                      
2000c041  PRCMCC3200MCUInit                
2000c46d  timerCallback                    
2000c731  GPIO_setConfig                   
2000c915  PowerCC32XX_sleepPolicy          
2000cbf9  Power_sleep                      
2000cd31  TimerCC32XX_open                 
2000ce59  aligned_alloc                    
2000ce59  memalign                         
2000cf59  free                             
2000d03d  GPIO_init                        
2000d1c1  IntEnable                        
2000d269  PowerCC32XX_configureWakeup      
2000d311  SemaphoreP_pend                  
2000d3b1  __aeabi_memcpy                   
2000d3b1  __aeabi_memcpy4                  
2000d3b1  __aeabi_memcpy8                  
2000d3b1  memcpy                           
2000d4e5  __aeabi_uldivmod                 
2000d57b  Board_initHook                   
2000d60d  HwiP_construct                   
2000d699  IntPendSet                       
2000d721  PinConfigSet                     
2000d7a9  TimerCC32XX_setPeriod            
2000d831  Power_init                       
2000d939  Power_setDependency              
2000d9b9  GPIO_hwiIntFxn                   
2000da31  TimerCC32XX_start                
2000db19  __TI_decompress_lzss             
2000db81  PowerCC32XX_setParkState         
2000dbe5  PRCMSysResetCauseGet             
2000dca5  GPIO_setCallback                 
2000dd5d  GPIO_write                       
2000ddb5  PRCMPeripheralReset              
2000de0d  Power_releaseDependency          
2000de65  TimerCC32XX_stop                 
2000debb  PowerCC32XX_initPolicy           
2000debd  initTimer                        
2000df11  PowerCC32XX_resumeLPDS           
2000dfb5  ClockP_doTick                    
2000dfb5  ClockP_sysTickHandler            
2000e005  SemaphoreP_construct             
2000e055  TimerCC32XX_allocateTimerResource
2000e0a5  GPIO_enableInt                   
2000e0f1  PowerCC32XX_parkPin              
2000e189  ClockP_usleep                    
2000e189  usleep                           
2000e1d1  FlashDisable                     
2000e219  PRCMLPDSEnter                    
2000e261  PRCMPeripheralClkEnable          
2000e2a9  Power_releaseConstraint          
2000e337  SemaphoreP_destruct              
2000e339  ClockP_stop                      
2000e37d  PRCMLPDSRestoreInfoSet           
2000e3c1  PowerCC32XX_enterLPDS            
2000e405  SemaphoreP_post                  
2000e449  SwiP_restore                     
2000e48d  Timer_init                       
2000e4d1  __TI_auto_init_nobinit_nopinit   
2000e515  PinModeSet                       
2000e555  Timer_open                       
2000e595  ClockP_destruct                  
2000e5d1  Power_setConstraint              
2000e60d  buttonInterruptHandler           
2000e649  mainThread                       
2000e685  TimerCC32XX_close                
2000e6f9  PRCMLPDSEnterKeepDebugIf         
2000e7a1  initVectors                      
2000e811  TimerControlStall                
2000e847  TimerCC32XX_init                 
2000e849  ClockP_getTicksUntilInterrupt    
2000e87d  ClockP_startup                   
2000e8b1  PinModeGet                       
2000e8e5  TimerCC32XX_freeTimerResource    
2000e94d  ClockP_start                     
2000e97d  PowerCC32XX_restoreParkedPin     
2000e9ad  HwiP_create                      
2000e9d7  TimerLoadSet                     
2000ea01  TimerPrescaleSet                 
2000ea2b  _nop                             
2000ea2d  PRCMPeripheralClkDisable         
2000ea55  Power_registerNotify             
2000eaa5  List_put                         
2000eacb  List_remove                      
2000eaf1  HwiP_dispatch                    
2000eb15  _c_int00_noargs                  
2000eb5d  HwiP_destruct                    
2000eb7d  Power_unregisterNotify           
2000eb9d  TimerDisable                     
2000ebbb  TimerEnable                      
2000ebd9  PinToPadGet                      
2000ebf5  SwiP_disable                     
2000ec11  __TI_zero_init_nomemset          
2000ec49  SemaphoreP_createBinary          
2000ec65  resetISR                         
2000ec78  resetVectorAddr                  
2000ec7f  clkFxn                           
2000ec81  Power_getTransitionLatency       
2000ec99  Power_idleFunc                   
2000ecb1  TimerCC32XX_getCount             
2000ecc9  TimerIntDisable                  
2000ece1  TimerIntEnable                   
2000ecf9  __aeabi_lmul                     
2000ed11  PRCMHIBRegRead                   
2000ed27  PRCMHIBRegWrite                  
2000ed3d  SemaphoreP_create                
2000ed53  CPUcpsid                         
2000ed69  HwiP_inISR                       
2000ed7d  IntVTableBaseSet                 
2000ed91  Power_disablePolicy              
2000eda5  Power_getDependencyCount         
2000edb9  HwiP_Params_init                 
2000edcb  TimerIntClear                    
2000eddd  main                             
2000edef  Board_init                       
2000edff  ClockP_add                       
2000ee11  ClockP_getCpuFreq                
2000ee21  ClockP_getSystemTicks            
2000ee31  ClockP_setTicks                  
2000ee41  HwiP_delete                      
2000ee51  HwiP_restore                     
2000ee61  Power_enablePolicy               
2000ee71  SemaphoreP_Params_init           
2000ee81  Timer_Params_init                
2000ee91  HwiP_clearInterrupt              
2000ee9f  HwiP_disable                     
2000eead  HwiP_enable                      
2000eead  NoRTOS_start                     
2000eebb  __TI_decompress_none             
2000eec9  Power_getConstraintMask          
2000eee1  ClockP_isActive                  
2000eeeb  IntMasterDisable                 
2000eef5  Timer_start                      
2000eeff  malloc                           
2000ef07  TimerCC32XX_control              
2000ef0d  UtilsDelay                       
2000ef13  HwiP_post                        
2000ef17  SemaphoreP_delete                
2000ef1b  _system_pre_init                 
2000ef1f  C$$EXIT                          
2000ef1f  abort                            
2000ef25  __aeabi_idiv0                    
2000ef25  __aeabi_ldiv0                    
2000f234  PowerCC32XX_module               
2000f3a0  parkInfo                         
2000f4c4  gpioCallbackFunctions            
2000f4d4  gpioPinConfigs                   
2000f4f0  _lock                            
2000f4f4  _unlock                          
2000f500  SemaphoreP_defaultParams         
2000f508  HwiP_key                         
2000f50c  HwiP_swiPIntNum                  
2000f510  ClockP_tickPeriod                
2000f6c0  PowerCC32XX_config               
2000f728  TimerCC32XX_fxnTable             
2000f778  GPIOCC32XX_config                
2000f7c8  timerCC32XXHWAttrs               
2000f7d8  Timer_config                     
2000f7f0  outPinTypes                      
2000f7fe  inPinTypes                       
2000f804  outPinStrengths                  
2000f80a  CONFIG_GPIO_BUTTON_0_CONST       
2000f80b  CONFIG_GPIO_BUTTON_1_CONST       
2000f80c  CONFIG_GPIO_LED_0_CONST          
2000f80d  CONFIG_GPIO_LED_1_CONST          
2000f80e  CONFIG_TIMER_0_CONST             
2000f80f  Timer_count                      
2000f818  PowerCC32XX_contextSave          
2000f944  timerCC32XXObjects               
2000f9b0  ClockP_ctrl                      
2000f9e0  __TI_static_base__               
2000fac0  __TI_Handler_Table_Base          
2000facc  __TI_Handler_Table_Limit         
2000fad8  __TI_CINIT_Base                  
2000fae8  __TI_CINIT_Limit                 
ffffffff  __TI_pprof_out_hndl              
ffffffff  __TI_prof_data_size              
ffffffff  __TI_prof_data_start             
ffffffff  __binit__                        
ffffffff  __c_args__                       
ffffffff  binit                            
UNDEFED   ITM_flush                        
UNDEFED   ITM_restore                      
UNDEFED   __mpu_init                       
UNDEFED   _system_post_cinit               

[192 symbols]
